2020-02-13 15:22:37.291  INFO 17648 --- [main] jp.or.ja_kyousai.batch.samples.Main      : Starting Main on LAPTOP-TSFIBKG4 with PID 17648 (C:\Users\user1\IdeaProjects\SampleBatch\target\classes started by user1 in C:\Users\user1\IdeaProjects\SampleBatch)
2020-02-13 15:22:37.369  INFO 17648 --- [main] jp.or.ja_kyousai.batch.samples.Main      : No active profile set, falling back to default profiles: default
2020-02-13 15:22:37.401  INFO 17648 --- [main] s.c.a.AnnotationConfigApplicationContext : Refreshing org.springframework.context.annotation.AnnotationConfigApplicationContext@1f9f6368: startup date [Thu Feb 13 15:22:37 JST 2020]; root of context hierarchy
2020-02-13 15:22:38.353  WARN 17648 --- [main] o.s.c.a.ConfigurationClassEnhancer       : @Bean method ScopeConfiguration.stepScope is non-static and returns an object assignable to Spring's BeanFactoryPostProcessor interface. This will result in a failure to process annotations such as @Autowired, @Resource and @PostConstruct within the method's declaring @Configuration class. Add the 'static' modifier to this method to avoid these container lifecycle issues; see @Bean javadoc for complete details.
2020-02-13 15:22:38.385  WARN 17648 --- [main] o.s.c.a.ConfigurationClassEnhancer       : @Bean method ScopeConfiguration.jobScope is non-static and returns an object assignable to Spring's BeanFactoryPostProcessor interface. This will result in a failure to process annotations such as @Autowired, @Resource and @PostConstruct within the method's declaring @Configuration class. Add the 'static' modifier to this method to avoid these container lifecycle issues; see @Bean javadoc for complete details.
2020-02-13 15:24:20.808  INFO 2920 --- [main] jp.or.ja_kyousai.batch.samples.Main      : Starting Main on LAPTOP-TSFIBKG4 with PID 2920 (C:\Users\user1\IdeaProjects\SampleBatch\target\classes started by user1 in C:\Users\user1\IdeaProjects\SampleBatch)
2020-02-13 15:24:20.808  INFO 2920 --- [main] jp.or.ja_kyousai.batch.samples.Main      : No active profile set, falling back to default profiles: default
2020-02-13 15:24:20.886  INFO 2920 --- [main] s.c.a.AnnotationConfigApplicationContext : Refreshing org.springframework.context.annotation.AnnotationConfigApplicationContext@1f9f6368: startup date [Thu Feb 13 15:24:20 JST 2020]; root of context hierarchy
2020-02-13 15:24:21.839  WARN 2920 --- [main] o.s.c.a.ConfigurationClassEnhancer       : @Bean method ScopeConfiguration.stepScope is non-static and returns an object assignable to Spring's BeanFactoryPostProcessor interface. This will result in a failure to process annotations such as @Autowired, @Resource and @PostConstruct within the method's declaring @Configuration class. Add the 'static' modifier to this method to avoid these container lifecycle issues; see @Bean javadoc for complete details.
2020-02-13 15:24:21.854  WARN 2920 --- [main] o.s.c.a.ConfigurationClassEnhancer       : @Bean method ScopeConfiguration.jobScope is non-static and returns an object assignable to Spring's BeanFactoryPostProcessor interface. This will result in a failure to process annotations such as @Autowired, @Resource and @PostConstruct within the method's declaring @Configuration class. Add the 'static' modifier to this method to avoid these container lifecycle issues; see @Bean javadoc for complete details.
2020-02-13 15:49:18.639  INFO 4388 --- [main] jp.or.ja_kyousai.batch.samples.Main      : Starting Main on LAPTOP-TSFIBKG4 with PID 4388 (C:\Users\user1\IdeaProjects\SampleBatch\target\classes started by user1 in C:\Users\user1\IdeaProjects\SampleBatch)
2020-02-13 15:49:18.639  INFO 4388 --- [main] jp.or.ja_kyousai.batch.samples.Main      : No active profile set, falling back to default profiles: default
2020-02-13 15:49:18.732  INFO 4388 --- [main] s.c.a.AnnotationConfigApplicationContext : Refreshing org.springframework.context.annotation.AnnotationConfigApplicationContext@1f9f6368: startup date [Thu Feb 13 15:49:18 JST 2020]; root of context hierarchy
2020-02-13 15:49:19.888  WARN 4388 --- [main] o.s.c.a.ConfigurationClassEnhancer       : @Bean method ScopeConfiguration.stepScope is non-static and returns an object assignable to Spring's BeanFactoryPostProcessor interface. This will result in a failure to process annotations such as @Autowired, @Resource and @PostConstruct within the method's declaring @Configuration class. Add the 'static' modifier to this method to avoid these container lifecycle issues; see @Bean javadoc for complete details.
2020-02-13 15:49:19.904  WARN 4388 --- [main] o.s.c.a.ConfigurationClassEnhancer       : @Bean method ScopeConfiguration.jobScope is non-static and returns an object assignable to Spring's BeanFactoryPostProcessor interface. This will result in a failure to process annotations such as @Autowired, @Resource and @PostConstruct within the method's declaring @Configuration class. Add the 'static' modifier to this method to avoid these container lifecycle issues; see @Bean javadoc for complete details.
2020-02-13 15:50:10.189  INFO 4388 --- [main] o.s.jdbc.datasource.init.ScriptUtils     : Executing SQL script from class path resource [org/springframework/batch/core/schema-oracle10g.sql]
2020-02-13 15:50:10.314  INFO 4388 --- [main] o.s.jdbc.datasource.init.ScriptUtils     : Executed SQL script from class path resource [org/springframework/batch/core/schema-oracle10g.sql] in 125 ms.
2020-02-13 15:50:10.549  INFO 4388 --- [main] o.s.j.e.a.AnnotationMBeanExporter        : Registering beans for JMX exposure on startup
2020-02-13 15:50:10.580  INFO 4388 --- [main] o.s.b.a.b.JobLauncherCommandLineRunner   : Running default command line with: []
2020-02-13 15:50:10.595  INFO 4388 --- [main] o.s.b.c.r.s.JobRepositoryFactoryBean     : No database type set, using meta data indicating: ORACLE
2020-02-13 15:50:10.783  INFO 4388 --- [main] o.s.b.c.l.support.SimpleJobLauncher      : No TaskExecutor has been set, defaulting to synchronous executor.
2020-02-13 15:50:10.970  INFO 4388 --- [main] o.s.b.c.l.support.SimpleJobLauncher      : Job: [SimpleJob: [name=job11581576609002]] launched with the following parameters: [{run.id=1}]
2020-02-13 15:50:11.002  INFO 4388 --- [main] o.s.batch.core.job.SimpleStepHandler     : Executing step: [step1]
2020-02-13 15:50:11.017  INFO 4388 --- [main] j.o.j.b.s.tasklet.BatchConfiguration     : Step1の開始
2020-02-13 15:50:28.857 ERROR 4388 --- [main] o.s.batch.core.step.AbstractStep         : Encountered an error executing step step1 in job job11581576609002

org.apache.ibatis.binding.BindingException: Invalid bound statement (not found): jp.or.ja_kyousai.batch.mapper.MembersMapper.truncate
	at org.apache.ibatis.binding.MapperMethod$SqlCommand.<init>(MapperMethod.java:235)
	at org.apache.ibatis.binding.MapperMethod.<init>(MapperMethod.java:53)
	at org.apache.ibatis.binding.MapperProxy.lambda$cachedInvoker$0(MapperProxy.java:107)
	at java.util.concurrent.ConcurrentHashMap.computeIfAbsent(ConcurrentHashMap.java:1660)
	at org.apache.ibatis.binding.MapperProxy.cachedInvoker(MapperProxy.java:94)
	at org.apache.ibatis.binding.MapperProxy.invoke(MapperProxy.java:85)
	at com.sun.proxy.$Proxy48.truncate(Unknown Source)
	at jp.or.ja_kyousai.batch.samples.tasklet.BatchConfiguration$1.execute(BatchConfiguration.java:63)
	at org.springframework.batch.core.step.tasklet.TaskletStep$ChunkTransactionCallback.doInTransaction(TaskletStep.java:406)
	at org.springframework.batch.core.step.tasklet.TaskletStep$ChunkTransactionCallback.doInTransaction(TaskletStep.java:330)
	at org.springframework.transaction.support.TransactionTemplate.execute(TransactionTemplate.java:133)
	at org.springframework.batch.core.step.tasklet.TaskletStep$2.doInChunkContext(TaskletStep.java:271)
	at org.springframework.batch.core.scope.context.StepContextRepeatCallback.doInIteration(StepContextRepeatCallback.java:81)
	at org.springframework.batch.repeat.support.RepeatTemplate.getNextResult(RepeatTemplate.java:374)
	at org.springframework.batch.repeat.support.RepeatTemplate.executeInternal(RepeatTemplate.java:215)
	at org.springframework.batch.repeat.support.RepeatTemplate.iterate(RepeatTemplate.java:144)
	at org.springframework.batch.core.step.tasklet.TaskletStep.doExecute(TaskletStep.java:257)
	at org.springframework.batch.core.step.AbstractStep.execute(AbstractStep.java:200)
	at org.springframework.batch.core.job.SimpleStepHandler.handleStep(SimpleStepHandler.java:148)
	at org.springframework.batch.core.job.AbstractJob.handleStep(AbstractJob.java:392)
	at org.springframework.batch.core.job.SimpleJob.doExecute(SimpleJob.java:135)
	at org.springframework.batch.core.job.AbstractJob.execute(AbstractJob.java:306)
	at org.springframework.batch.core.launch.support.SimpleJobLauncher$1.run(SimpleJobLauncher.java:135)
	at org.springframework.core.task.SyncTaskExecutor.execute(SyncTaskExecutor.java:50)
	at org.springframework.batch.core.launch.support.SimpleJobLauncher.run(SimpleJobLauncher.java:128)
	at sun.reflect.NativeMethodAccessorImpl.invoke0(Native Method)
	at sun.reflect.NativeMethodAccessorImpl.invoke(NativeMethodAccessorImpl.java:62)
	at sun.reflect.DelegatingMethodAccessorImpl.invoke(DelegatingMethodAccessorImpl.java:43)
	at java.lang.reflect.Method.invoke(Method.java:498)
	at org.springframework.aop.support.AopUtils.invokeJoinpointUsingReflection(AopUtils.java:333)
	at org.springframework.aop.framework.ReflectiveMethodInvocation.invokeJoinpoint(ReflectiveMethodInvocation.java:190)
	at org.springframework.aop.framework.ReflectiveMethodInvocation.proceed(ReflectiveMethodInvocation.java:157)
	at org.springframework.batch.core.configuration.annotation.SimpleBatchConfiguration$PassthruAdvice.invoke(SimpleBatchConfiguration.java:127)
	at org.springframework.aop.framework.ReflectiveMethodInvocation.proceed(ReflectiveMethodInvocation.java:179)
	at org.springframework.aop.framework.JdkDynamicAopProxy.invoke(JdkDynamicAopProxy.java:213)
	at com.sun.proxy.$Proxy36.run(Unknown Source)
	at org.springframework.boot.autoconfigure.batch.JobLauncherCommandLineRunner.execute(JobLauncherCommandLineRunner.java:214)
	at org.springframework.boot.autoconfigure.batch.JobLauncherCommandLineRunner.executeLocalJobs(JobLauncherCommandLineRunner.java:231)
	at org.springframework.boot.autoconfigure.batch.JobLauncherCommandLineRunner.launchJobFromProperties(JobLauncherCommandLineRunner.java:123)
	at org.springframework.boot.autoconfigure.batch.JobLauncherCommandLineRunner.run(JobLauncherCommandLineRunner.java:117)
	at org.springframework.boot.SpringApplication.callRunner(SpringApplication.java:776)
	at org.springframework.boot.SpringApplication.callRunners(SpringApplication.java:760)
	at org.springframework.boot.SpringApplication.afterRefresh(SpringApplication.java:747)
	at org.springframework.boot.SpringApplication.run(SpringApplication.java:315)
	at org.springframework.boot.SpringApplication.run(SpringApplication.java:1162)
	at org.springframework.boot.SpringApplication.run(SpringApplication.java:1151)
	at jp.or.ja_kyousai.batch.samples.Main.main(Main.java:12)

2020-02-13 15:50:28.872  INFO 4388 --- [main] o.s.b.c.l.support.SimpleJobLauncher      : Job: [SimpleJob: [name=job11581576609002]] completed with the following parameters: [{run.id=1}] and the following status: [FAILED]
2020-02-13 15:50:28.888  INFO 4388 --- [main] jp.or.ja_kyousai.batch.samples.Main      : Started Main in 70.671 seconds (JVM running for 71.501)
2020-02-13 15:50:28.888  INFO 4388 --- [main] s.c.a.AnnotationConfigApplicationContext : Closing org.springframework.context.annotation.AnnotationConfigApplicationContext@1f9f6368: startup date [Thu Feb 13 15:49:18 JST 2020]; root of context hierarchy
2020-02-13 15:50:28.888  INFO 4388 --- [main] o.s.j.e.a.AnnotationMBeanExporter        : Unregistering JMX-exposed beans on shutdown
2020-02-13 15:58:27.905  INFO 2216 --- [main] jp.or.ja_kyousai.batch.samples.Main      : Starting Main on LAPTOP-TSFIBKG4 with PID 2216 (C:\Users\user1\IdeaProjects\SampleBatch\target\classes started by user1 in C:\Users\user1\IdeaProjects\SampleBatch)
2020-02-13 15:58:27.905  INFO 2216 --- [main] jp.or.ja_kyousai.batch.samples.Main      : No active profile set, falling back to default profiles: default
2020-02-13 15:58:28.779  WARN 2216 --- [main] s.c.a.AnnotationConfigApplicationContext : Exception encountered during context initialization - cancelling refresh attempt: org.springframework.beans.factory.UnsatisfiedDependencyException: Error creating bean with name 'batchConfiguration': Unsatisfied dependency expressed through field 'jobBuilderFactory'; nested exception is org.springframework.beans.factory.UnsatisfiedDependencyException: Error creating bean with name 'org.springframework.batch.core.configuration.annotation.SimpleBatchConfiguration': Unsatisfied dependency expressed through field 'dataSource'; nested exception is org.springframework.beans.factory.BeanCreationException: Error creating bean with name 'dataSource' defined in jp.or.ja_kyousai.batch.samples.tasklet.BatchConfiguration: Bean instantiation via factory method failed; nested exception is org.springframework.beans.BeanInstantiationException: Failed to instantiate [javax.sql.DataSource]: Circular reference involving containing bean 'batchConfiguration' - consider declaring the factory method as static for independence from its containing instance. Factory method 'dataSource' threw exception; nested exception is org.springframework.boot.context.properties.ConfigurationPropertiesBindException: Error creating bean with name 'applicationProperties': Could not bind properties to 'ApplicationProperties' : prefix=, ignoreInvalidFields=false, ignoreUnknownFields=true; nested exception is org.springframework.boot.context.properties.bind.BindException: Failed to bind properties under '' to jp.or.ja_kyousai.batch.util.ApplicationProperties
2020-02-13 15:58:28.779  INFO 2216 --- [main] ConditionEvaluationReportLoggingListener : 

Error starting ApplicationContext. To display the conditions report re-run your application with 'debug' enabled.
2020-02-13 15:58:28.795 ERROR 2216 --- [main] o.s.b.d.LoggingFailureAnalysisReporter   : 

***************************
APPLICATION FAILED TO START
***************************

Description:

Failed to bind properties under '' to jp.or.ja_kyousai.batch.util.ApplicationProperties:

    Property: username
    Value: user1
    Origin: System Environment Property "USERNAME"
    Reason: No setter found for property: username

Action:

Update your application's configuration

2020-02-13 16:01:11.467  INFO 17604 --- [main] jp.or.ja_kyousai.batch.samples.Main      : Starting Main on LAPTOP-TSFIBKG4 with PID 17604 (C:\Users\user1\IdeaProjects\SampleBatch\target\classes started by user1 in C:\Users\user1\IdeaProjects\SampleBatch)
2020-02-13 16:01:11.467  INFO 17604 --- [main] jp.or.ja_kyousai.batch.samples.Main      : No active profile set, falling back to default profiles: default
2020-02-13 16:01:12.326  WARN 17604 --- [main] s.c.a.AnnotationConfigApplicationContext : Exception encountered during context initialization - cancelling refresh attempt: org.springframework.beans.factory.UnsatisfiedDependencyException: Error creating bean with name 'batchConfiguration': Unsatisfied dependency expressed through field 'jobBuilderFactory'; nested exception is org.springframework.beans.factory.UnsatisfiedDependencyException: Error creating bean with name 'org.springframework.batch.core.configuration.annotation.SimpleBatchConfiguration': Unsatisfied dependency expressed through field 'dataSource'; nested exception is org.springframework.beans.factory.BeanCreationException: Error creating bean with name 'dataSource' defined in jp.or.ja_kyousai.batch.samples.tasklet.BatchConfiguration: Bean instantiation via factory method failed; nested exception is org.springframework.beans.BeanInstantiationException: Failed to instantiate [javax.sql.DataSource]: Circular reference involving containing bean 'batchConfiguration' - consider declaring the factory method as static for independence from its containing instance. Factory method 'dataSource' threw exception; nested exception is org.springframework.boot.context.properties.ConfigurationPropertiesBindException: Error creating bean with name 'applicationProperties': Could not bind properties to 'ApplicationProperties' : prefix=, ignoreInvalidFields=false, ignoreUnknownFields=true; nested exception is org.springframework.boot.context.properties.bind.BindException: Failed to bind properties under '' to jp.or.ja_kyousai.batch.util.ApplicationProperties
2020-02-13 16:01:12.342  INFO 17604 --- [main] ConditionEvaluationReportLoggingListener : 

Error starting ApplicationContext. To display the conditions report re-run your application with 'debug' enabled.
2020-02-13 16:01:12.342 ERROR 17604 --- [main] o.s.b.d.LoggingFailureAnalysisReporter   : 

***************************
APPLICATION FAILED TO START
***************************

Description:

Failed to bind properties under '' to jp.or.ja_kyousai.batch.util.ApplicationProperties:

    Property: username
    Value: user1
    Origin: System Environment Property "USERNAME"
    Reason: No setter found for property: username

Action:

Update your application's configuration

2020-02-13 16:02:25.486  INFO 17688 --- [main] jp.or.ja_kyousai.batch.samples.Main      : Starting Main on LAPTOP-TSFIBKG4 with PID 17688 (C:\Users\user1\IdeaProjects\SampleBatch\target\classes started by user1 in C:\Users\user1\IdeaProjects\SampleBatch)
2020-02-13 16:02:25.486  INFO 17688 --- [main] jp.or.ja_kyousai.batch.samples.Main      : No active profile set, falling back to default profiles: default
2020-02-13 16:02:26.986  WARN 17688 --- [main] s.c.a.AnnotationConfigApplicationContext : Exception encountered during context initialization - cancelling refresh attempt: org.springframework.beans.factory.BeanCreationException: Error creating bean with name 'batchConfigurer': Invocation of init method failed; nested exception is java.lang.IllegalStateException: Unable to initialize Spring Batch
2020-02-13 16:02:27.001  INFO 17688 --- [main] ConditionEvaluationReportLoggingListener : 

Error starting ApplicationContext. To display the conditions report re-run your application with 'debug' enabled.
2020-02-13 16:02:27.017 ERROR 17688 --- [main] o.s.boot.SpringApplication               : Application run failed

org.springframework.beans.factory.BeanCreationException: Error creating bean with name 'batchConfigurer': Invocation of init method failed; nested exception is java.lang.IllegalStateException: Unable to initialize Spring Batch
	at org.springframework.beans.factory.annotation.InitDestroyAnnotationBeanPostProcessor.postProcessBeforeInitialization(InitDestroyAnnotationBeanPostProcessor.java:160)
	at org.springframework.beans.factory.support.AbstractAutowireCapableBeanFactory.applyBeanPostProcessorsBeforeInitialization(AbstractAutowireCapableBeanFactory.java:416)
	at org.springframework.beans.factory.support.AbstractAutowireCapableBeanFactory.initializeBean(AbstractAutowireCapableBeanFactory.java:1788)
	at org.springframework.beans.factory.support.AbstractAutowireCapableBeanFactory.doCreateBean(AbstractAutowireCapableBeanFactory.java:595)
	at org.springframework.beans.factory.support.AbstractAutowireCapableBeanFactory.createBean(AbstractAutowireCapableBeanFactory.java:517)
	at org.springframework.beans.factory.support.AbstractBeanFactory.lambda$doGetBean$0(AbstractBeanFactory.java:323)
	at org.springframework.beans.factory.support.DefaultSingletonBeanRegistry.getSingleton(DefaultSingletonBeanRegistry.java:222)
	at org.springframework.beans.factory.support.AbstractBeanFactory.doGetBean(AbstractBeanFactory.java:321)
	at org.springframework.beans.factory.support.AbstractBeanFactory.getBean(AbstractBeanFactory.java:202)
	at org.springframework.beans.factory.support.DefaultListableBeanFactory.preInstantiateSingletons(DefaultListableBeanFactory.java:879)
	at org.springframework.context.support.AbstractApplicationContext.finishBeanFactoryInitialization(AbstractApplicationContext.java:878)
	at org.springframework.context.support.AbstractApplicationContext.refresh(AbstractApplicationContext.java:550)
	at org.springframework.boot.SpringApplication.refresh(SpringApplication.java:747)
	at org.springframework.boot.SpringApplication.refreshContext(SpringApplication.java:397)
	at org.springframework.boot.SpringApplication.run(SpringApplication.java:315)
	at org.springframework.boot.SpringApplication.run(SpringApplication.java:1226)
	at org.springframework.boot.SpringApplication.run(SpringApplication.java:1215)
	at jp.or.ja_kyousai.batch.samples.Main.main(Main.java:12)
Caused by: java.lang.IllegalStateException: Unable to initialize Spring Batch
	at org.springframework.boot.autoconfigure.batch.BasicBatchConfigurer.initialize(BasicBatchConfigurer.java:102)
	at sun.reflect.NativeMethodAccessorImpl.invoke0(Native Method)
	at sun.reflect.NativeMethodAccessorImpl.invoke(NativeMethodAccessorImpl.java:62)
	at sun.reflect.DelegatingMethodAccessorImpl.invoke(DelegatingMethodAccessorImpl.java:43)
	at java.lang.reflect.Method.invoke(Method.java:498)
	at org.springframework.beans.factory.annotation.InitDestroyAnnotationBeanPostProcessor$LifecycleElement.invoke(InitDestroyAnnotationBeanPostProcessor.java:389)
	at org.springframework.beans.factory.annotation.InitDestroyAnnotationBeanPostProcessor$LifecycleMetadata.invokeInitMethods(InitDestroyAnnotationBeanPostProcessor.java:333)
	at org.springframework.beans.factory.annotation.InitDestroyAnnotationBeanPostProcessor.postProcessBeforeInitialization(InitDestroyAnnotationBeanPostProcessor.java:157)
	... 17 common frames omitted
Caused by: org.springframework.jdbc.support.MetaDataAccessException: Could not get Connection for extracting meta-data; nested exception is org.springframework.jdbc.CannotGetJdbcConnectionException: Failed to obtain JDBC Connection; nested exception is org.apache.commons.dbcp.SQLNestedException: Cannot create PoolableConnectionFactory (ORA-01017: invalid username/password; logon denied
)
	at org.springframework.jdbc.support.JdbcUtils.extractDatabaseMetaData(JdbcUtils.java:345)
	at org.springframework.jdbc.support.JdbcUtils.extractDatabaseMetaData(JdbcUtils.java:373)
	at org.springframework.batch.support.DatabaseType.fromMetaData(DatabaseType.java:102)
	at org.springframework.batch.core.repository.support.JobRepositoryFactoryBean.afterPropertiesSet(JobRepositoryFactoryBean.java:183)
	at org.springframework.boot.autoconfigure.batch.BasicBatchConfigurer.createJobRepository(BasicBatchConfigurer.java:129)
	at org.springframework.boot.autoconfigure.batch.BasicBatchConfigurer.initialize(BasicBatchConfigurer.java:97)
	... 24 common frames omitted
Caused by: org.springframework.jdbc.CannotGetJdbcConnectionException: Failed to obtain JDBC Connection; nested exception is org.apache.commons.dbcp.SQLNestedException: Cannot create PoolableConnectionFactory (ORA-01017: invalid username/password; logon denied
)
	at org.springframework.jdbc.datasource.DataSourceUtils.getConnection(DataSourceUtils.java:82)
	at org.springframework.jdbc.support.JdbcUtils.extractDatabaseMetaData(JdbcUtils.java:336)
	... 29 common frames omitted
Caused by: org.apache.commons.dbcp.SQLNestedException: Cannot create PoolableConnectionFactory (ORA-01017: invalid username/password; logon denied
)
	at org.apache.commons.dbcp.BasicDataSource.createDataSource(BasicDataSource.java:1225)
	at org.apache.commons.dbcp.BasicDataSource.getConnection(BasicDataSource.java:880)
	at org.springframework.jdbc.datasource.DataSourceUtils.fetchConnection(DataSourceUtils.java:158)
	at org.springframework.jdbc.datasource.DataSourceUtils.doGetConnection(DataSourceUtils.java:116)
	at org.springframework.jdbc.datasource.DataSourceUtils.getConnection(DataSourceUtils.java:79)
	... 30 common frames omitted
Caused by: java.sql.SQLException: ORA-01017: invalid username/password; logon denied

	at oracle.jdbc.driver.SQLStateMapping.newSQLException(SQLStateMapping.java:70)
	at oracle.jdbc.driver.DatabaseError.newSQLException(DatabaseError.java:133)
	at oracle.jdbc.driver.DatabaseError.throwSqlException(DatabaseError.java:206)
	at oracle.jdbc.driver.T4CTTIoer.processError(T4CTTIoer.java:455)
	at oracle.jdbc.driver.T4CTTIoer.processError(T4CTTIoer.java:406)
	at oracle.jdbc.driver.T4CTTIoer.processError(T4CTTIoer.java:399)
	at oracle.jdbc.driver.T4CTTIoauthenticate.receiveOauth(T4CTTIoauthenticate.java:799)
	at oracle.jdbc.driver.T4CConnection.logon(T4CConnection.java:368)
	at oracle.jdbc.driver.PhysicalConnection.<init>(PhysicalConnection.java:508)
	at oracle.jdbc.driver.T4CConnection.<init>(T4CConnection.java:203)
	at oracle.jdbc.driver.T4CDriverExtension.getConnection(T4CDriverExtension.java:33)
	at oracle.jdbc.driver.OracleDriver.connect(OracleDriver.java:510)
	at org.apache.commons.dbcp.DriverConnectionFactory.createConnection(DriverConnectionFactory.java:38)
	at org.apache.commons.dbcp.PoolableConnectionFactory.makeObject(PoolableConnectionFactory.java:294)
	at org.apache.commons.dbcp.BasicDataSource.validateConnectionFactory(BasicDataSource.java:1247)
	at org.apache.commons.dbcp.BasicDataSource.createDataSource(BasicDataSource.java:1221)
	... 34 common frames omitted

2020-02-13 16:05:32.664  INFO 19240 --- [main] jp.or.ja_kyousai.batch.samples.Main      : Starting Main on LAPTOP-TSFIBKG4 with PID 19240 (C:\Users\user1\IdeaProjects\SampleBatch\target\classes started by user1 in C:\Users\user1\IdeaProjects\SampleBatch)
2020-02-13 16:05:32.680  INFO 19240 --- [main] jp.or.ja_kyousai.batch.samples.Main      : No active profile set, falling back to default profiles: default
2020-02-13 16:05:34.492  WARN 19240 --- [main] s.c.a.AnnotationConfigApplicationContext : Exception encountered during context initialization - cancelling refresh attempt: org.springframework.beans.factory.BeanCreationException: Error creating bean with name 'batchConfigurer': Invocation of init method failed; nested exception is java.lang.IllegalStateException: Unable to initialize Spring Batch
2020-02-13 16:05:34.508  INFO 19240 --- [main] ConditionEvaluationReportLoggingListener : 

Error starting ApplicationContext. To display the conditions report re-run your application with 'debug' enabled.
2020-02-13 16:05:34.523 ERROR 19240 --- [main] o.s.boot.SpringApplication               : Application run failed

org.springframework.beans.factory.BeanCreationException: Error creating bean with name 'batchConfigurer': Invocation of init method failed; nested exception is java.lang.IllegalStateException: Unable to initialize Spring Batch
	at org.springframework.beans.factory.annotation.InitDestroyAnnotationBeanPostProcessor.postProcessBeforeInitialization(InitDestroyAnnotationBeanPostProcessor.java:160)
	at org.springframework.beans.factory.support.AbstractAutowireCapableBeanFactory.applyBeanPostProcessorsBeforeInitialization(AbstractAutowireCapableBeanFactory.java:416)
	at org.springframework.beans.factory.support.AbstractAutowireCapableBeanFactory.initializeBean(AbstractAutowireCapableBeanFactory.java:1788)
	at org.springframework.beans.factory.support.AbstractAutowireCapableBeanFactory.doCreateBean(AbstractAutowireCapableBeanFactory.java:595)
	at org.springframework.beans.factory.support.AbstractAutowireCapableBeanFactory.createBean(AbstractAutowireCapableBeanFactory.java:517)
	at org.springframework.beans.factory.support.AbstractBeanFactory.lambda$doGetBean$0(AbstractBeanFactory.java:323)
	at org.springframework.beans.factory.support.DefaultSingletonBeanRegistry.getSingleton(DefaultSingletonBeanRegistry.java:222)
	at org.springframework.beans.factory.support.AbstractBeanFactory.doGetBean(AbstractBeanFactory.java:321)
	at org.springframework.beans.factory.support.AbstractBeanFactory.getBean(AbstractBeanFactory.java:202)
	at org.springframework.beans.factory.support.DefaultListableBeanFactory.preInstantiateSingletons(DefaultListableBeanFactory.java:879)
	at org.springframework.context.support.AbstractApplicationContext.finishBeanFactoryInitialization(AbstractApplicationContext.java:878)
	at org.springframework.context.support.AbstractApplicationContext.refresh(AbstractApplicationContext.java:550)
	at org.springframework.boot.SpringApplication.refresh(SpringApplication.java:747)
	at org.springframework.boot.SpringApplication.refreshContext(SpringApplication.java:397)
	at org.springframework.boot.SpringApplication.run(SpringApplication.java:315)
	at org.springframework.boot.SpringApplication.run(SpringApplication.java:1226)
	at org.springframework.boot.SpringApplication.run(SpringApplication.java:1215)
	at jp.or.ja_kyousai.batch.samples.Main.main(Main.java:12)
Caused by: java.lang.IllegalStateException: Unable to initialize Spring Batch
	at org.springframework.boot.autoconfigure.batch.BasicBatchConfigurer.initialize(BasicBatchConfigurer.java:102)
	at sun.reflect.NativeMethodAccessorImpl.invoke0(Native Method)
	at sun.reflect.NativeMethodAccessorImpl.invoke(NativeMethodAccessorImpl.java:62)
	at sun.reflect.DelegatingMethodAccessorImpl.invoke(DelegatingMethodAccessorImpl.java:43)
	at java.lang.reflect.Method.invoke(Method.java:498)
	at org.springframework.beans.factory.annotation.InitDestroyAnnotationBeanPostProcessor$LifecycleElement.invoke(InitDestroyAnnotationBeanPostProcessor.java:389)
	at org.springframework.beans.factory.annotation.InitDestroyAnnotationBeanPostProcessor$LifecycleMetadata.invokeInitMethods(InitDestroyAnnotationBeanPostProcessor.java:333)
	at org.springframework.beans.factory.annotation.InitDestroyAnnotationBeanPostProcessor.postProcessBeforeInitialization(InitDestroyAnnotationBeanPostProcessor.java:157)
	... 17 common frames omitted
Caused by: org.springframework.jdbc.support.MetaDataAccessException: Could not get Connection for extracting meta-data; nested exception is org.springframework.jdbc.CannotGetJdbcConnectionException: Failed to obtain JDBC Connection; nested exception is org.apache.commons.dbcp.SQLNestedException: Cannot create PoolableConnectionFactory (ORA-01017: invalid username/password; logon denied
)
	at org.springframework.jdbc.support.JdbcUtils.extractDatabaseMetaData(JdbcUtils.java:345)
	at org.springframework.jdbc.support.JdbcUtils.extractDatabaseMetaData(JdbcUtils.java:373)
	at org.springframework.batch.support.DatabaseType.fromMetaData(DatabaseType.java:102)
	at org.springframework.batch.core.repository.support.JobRepositoryFactoryBean.afterPropertiesSet(JobRepositoryFactoryBean.java:183)
	at org.springframework.boot.autoconfigure.batch.BasicBatchConfigurer.createJobRepository(BasicBatchConfigurer.java:129)
	at org.springframework.boot.autoconfigure.batch.BasicBatchConfigurer.initialize(BasicBatchConfigurer.java:97)
	... 24 common frames omitted
Caused by: org.springframework.jdbc.CannotGetJdbcConnectionException: Failed to obtain JDBC Connection; nested exception is org.apache.commons.dbcp.SQLNestedException: Cannot create PoolableConnectionFactory (ORA-01017: invalid username/password; logon denied
)
	at org.springframework.jdbc.datasource.DataSourceUtils.getConnection(DataSourceUtils.java:82)
	at org.springframework.jdbc.support.JdbcUtils.extractDatabaseMetaData(JdbcUtils.java:336)
	... 29 common frames omitted
Caused by: org.apache.commons.dbcp.SQLNestedException: Cannot create PoolableConnectionFactory (ORA-01017: invalid username/password; logon denied
)
	at org.apache.commons.dbcp.BasicDataSource.createDataSource(BasicDataSource.java:1225)
	at org.apache.commons.dbcp.BasicDataSource.getConnection(BasicDataSource.java:880)
	at org.springframework.jdbc.datasource.DataSourceUtils.fetchConnection(DataSourceUtils.java:158)
	at org.springframework.jdbc.datasource.DataSourceUtils.doGetConnection(DataSourceUtils.java:116)
	at org.springframework.jdbc.datasource.DataSourceUtils.getConnection(DataSourceUtils.java:79)
	... 30 common frames omitted
Caused by: java.sql.SQLException: ORA-01017: invalid username/password; logon denied

	at oracle.jdbc.driver.SQLStateMapping.newSQLException(SQLStateMapping.java:70)
	at oracle.jdbc.driver.DatabaseError.newSQLException(DatabaseError.java:133)
	at oracle.jdbc.driver.DatabaseError.throwSqlException(DatabaseError.java:206)
	at oracle.jdbc.driver.T4CTTIoer.processError(T4CTTIoer.java:455)
	at oracle.jdbc.driver.T4CTTIoer.processError(T4CTTIoer.java:406)
	at oracle.jdbc.driver.T4CTTIoer.processError(T4CTTIoer.java:399)
	at oracle.jdbc.driver.T4CTTIoauthenticate.receiveOauth(T4CTTIoauthenticate.java:799)
	at oracle.jdbc.driver.T4CConnection.logon(T4CConnection.java:368)
	at oracle.jdbc.driver.PhysicalConnection.<init>(PhysicalConnection.java:508)
	at oracle.jdbc.driver.T4CConnection.<init>(T4CConnection.java:203)
	at oracle.jdbc.driver.T4CDriverExtension.getConnection(T4CDriverExtension.java:33)
	at oracle.jdbc.driver.OracleDriver.connect(OracleDriver.java:510)
	at org.apache.commons.dbcp.DriverConnectionFactory.createConnection(DriverConnectionFactory.java:38)
	at org.apache.commons.dbcp.PoolableConnectionFactory.makeObject(PoolableConnectionFactory.java:294)
	at org.apache.commons.dbcp.BasicDataSource.validateConnectionFactory(BasicDataSource.java:1247)
	at org.apache.commons.dbcp.BasicDataSource.createDataSource(BasicDataSource.java:1221)
	... 34 common frames omitted

2020-02-13 16:05:37.872  INFO 4984 --- [main] jp.or.ja_kyousai.batch.samples.Main      : Starting Main on LAPTOP-TSFIBKG4 with PID 4984 (C:\Users\user1\IdeaProjects\SampleBatch\target\classes started by user1 in C:\Users\user1\IdeaProjects\SampleBatch)
2020-02-13 16:05:37.872  INFO 4984 --- [main] jp.or.ja_kyousai.batch.samples.Main      : No active profile set, falling back to default profiles: default
2020-02-13 16:05:39.778  WARN 4984 --- [main] s.c.a.AnnotationConfigApplicationContext : Exception encountered during context initialization - cancelling refresh attempt: org.springframework.beans.factory.BeanCreationException: Error creating bean with name 'batchConfigurer': Invocation of init method failed; nested exception is java.lang.IllegalStateException: Unable to initialize Spring Batch
2020-02-13 16:05:39.809  INFO 4984 --- [main] ConditionEvaluationReportLoggingListener : 

Error starting ApplicationContext. To display the conditions report re-run your application with 'debug' enabled.
2020-02-13 16:05:39.809 ERROR 4984 --- [main] o.s.boot.SpringApplication               : Application run failed

org.springframework.beans.factory.BeanCreationException: Error creating bean with name 'batchConfigurer': Invocation of init method failed; nested exception is java.lang.IllegalStateException: Unable to initialize Spring Batch
	at org.springframework.beans.factory.annotation.InitDestroyAnnotationBeanPostProcessor.postProcessBeforeInitialization(InitDestroyAnnotationBeanPostProcessor.java:160)
	at org.springframework.beans.factory.support.AbstractAutowireCapableBeanFactory.applyBeanPostProcessorsBeforeInitialization(AbstractAutowireCapableBeanFactory.java:416)
	at org.springframework.beans.factory.support.AbstractAutowireCapableBeanFactory.initializeBean(AbstractAutowireCapableBeanFactory.java:1788)
	at org.springframework.beans.factory.support.AbstractAutowireCapableBeanFactory.doCreateBean(AbstractAutowireCapableBeanFactory.java:595)
	at org.springframework.beans.factory.support.AbstractAutowireCapableBeanFactory.createBean(AbstractAutowireCapableBeanFactory.java:517)
	at org.springframework.beans.factory.support.AbstractBeanFactory.lambda$doGetBean$0(AbstractBeanFactory.java:323)
	at org.springframework.beans.factory.support.DefaultSingletonBeanRegistry.getSingleton(DefaultSingletonBeanRegistry.java:222)
	at org.springframework.beans.factory.support.AbstractBeanFactory.doGetBean(AbstractBeanFactory.java:321)
	at org.springframework.beans.factory.support.AbstractBeanFactory.getBean(AbstractBeanFactory.java:202)
	at org.springframework.beans.factory.support.DefaultListableBeanFactory.preInstantiateSingletons(DefaultListableBeanFactory.java:879)
	at org.springframework.context.support.AbstractApplicationContext.finishBeanFactoryInitialization(AbstractApplicationContext.java:878)
	at org.springframework.context.support.AbstractApplicationContext.refresh(AbstractApplicationContext.java:550)
	at org.springframework.boot.SpringApplication.refresh(SpringApplication.java:747)
	at org.springframework.boot.SpringApplication.refreshContext(SpringApplication.java:397)
	at org.springframework.boot.SpringApplication.run(SpringApplication.java:315)
	at org.springframework.boot.SpringApplication.run(SpringApplication.java:1226)
	at org.springframework.boot.SpringApplication.run(SpringApplication.java:1215)
	at jp.or.ja_kyousai.batch.samples.Main.main(Main.java:12)
Caused by: java.lang.IllegalStateException: Unable to initialize Spring Batch
	at org.springframework.boot.autoconfigure.batch.BasicBatchConfigurer.initialize(BasicBatchConfigurer.java:102)
	at sun.reflect.NativeMethodAccessorImpl.invoke0(Native Method)
	at sun.reflect.NativeMethodAccessorImpl.invoke(NativeMethodAccessorImpl.java:62)
	at sun.reflect.DelegatingMethodAccessorImpl.invoke(DelegatingMethodAccessorImpl.java:43)
	at java.lang.reflect.Method.invoke(Method.java:498)
	at org.springframework.beans.factory.annotation.InitDestroyAnnotationBeanPostProcessor$LifecycleElement.invoke(InitDestroyAnnotationBeanPostProcessor.java:389)
	at org.springframework.beans.factory.annotation.InitDestroyAnnotationBeanPostProcessor$LifecycleMetadata.invokeInitMethods(InitDestroyAnnotationBeanPostProcessor.java:333)
	at org.springframework.beans.factory.annotation.InitDestroyAnnotationBeanPostProcessor.postProcessBeforeInitialization(InitDestroyAnnotationBeanPostProcessor.java:157)
	... 17 common frames omitted
Caused by: org.springframework.jdbc.support.MetaDataAccessException: Could not get Connection for extracting meta-data; nested exception is org.springframework.jdbc.CannotGetJdbcConnectionException: Failed to obtain JDBC Connection; nested exception is org.apache.commons.dbcp.SQLNestedException: Cannot create PoolableConnectionFactory (ORA-01017: invalid username/password; logon denied
)
	at org.springframework.jdbc.support.JdbcUtils.extractDatabaseMetaData(JdbcUtils.java:345)
	at org.springframework.jdbc.support.JdbcUtils.extractDatabaseMetaData(JdbcUtils.java:373)
	at org.springframework.batch.support.DatabaseType.fromMetaData(DatabaseType.java:102)
	at org.springframework.batch.core.repository.support.JobRepositoryFactoryBean.afterPropertiesSet(JobRepositoryFactoryBean.java:183)
	at org.springframework.boot.autoconfigure.batch.BasicBatchConfigurer.createJobRepository(BasicBatchConfigurer.java:129)
	at org.springframework.boot.autoconfigure.batch.BasicBatchConfigurer.initialize(BasicBatchConfigurer.java:97)
	... 24 common frames omitted
Caused by: org.springframework.jdbc.CannotGetJdbcConnectionException: Failed to obtain JDBC Connection; nested exception is org.apache.commons.dbcp.SQLNestedException: Cannot create PoolableConnectionFactory (ORA-01017: invalid username/password; logon denied
)
	at org.springframework.jdbc.datasource.DataSourceUtils.getConnection(DataSourceUtils.java:82)
	at org.springframework.jdbc.support.JdbcUtils.extractDatabaseMetaData(JdbcUtils.java:336)
	... 29 common frames omitted
Caused by: org.apache.commons.dbcp.SQLNestedException: Cannot create PoolableConnectionFactory (ORA-01017: invalid username/password; logon denied
)
	at org.apache.commons.dbcp.BasicDataSource.createDataSource(BasicDataSource.java:1225)
	at org.apache.commons.dbcp.BasicDataSource.getConnection(BasicDataSource.java:880)
	at org.springframework.jdbc.datasource.DataSourceUtils.fetchConnection(DataSourceUtils.java:158)
	at org.springframework.jdbc.datasource.DataSourceUtils.doGetConnection(DataSourceUtils.java:116)
	at org.springframework.jdbc.datasource.DataSourceUtils.getConnection(DataSourceUtils.java:79)
	... 30 common frames omitted
Caused by: java.sql.SQLException: ORA-01017: invalid username/password; logon denied

	at oracle.jdbc.driver.SQLStateMapping.newSQLException(SQLStateMapping.java:70)
	at oracle.jdbc.driver.DatabaseError.newSQLException(DatabaseError.java:133)
	at oracle.jdbc.driver.DatabaseError.throwSqlException(DatabaseError.java:206)
	at oracle.jdbc.driver.T4CTTIoer.processError(T4CTTIoer.java:455)
	at oracle.jdbc.driver.T4CTTIoer.processError(T4CTTIoer.java:406)
	at oracle.jdbc.driver.T4CTTIoer.processError(T4CTTIoer.java:399)
	at oracle.jdbc.driver.T4CTTIoauthenticate.receiveOauth(T4CTTIoauthenticate.java:799)
	at oracle.jdbc.driver.T4CConnection.logon(T4CConnection.java:368)
	at oracle.jdbc.driver.PhysicalConnection.<init>(PhysicalConnection.java:508)
	at oracle.jdbc.driver.T4CConnection.<init>(T4CConnection.java:203)
	at oracle.jdbc.driver.T4CDriverExtension.getConnection(T4CDriverExtension.java:33)
	at oracle.jdbc.driver.OracleDriver.connect(OracleDriver.java:510)
	at org.apache.commons.dbcp.DriverConnectionFactory.createConnection(DriverConnectionFactory.java:38)
	at org.apache.commons.dbcp.PoolableConnectionFactory.makeObject(PoolableConnectionFactory.java:294)
	at org.apache.commons.dbcp.BasicDataSource.validateConnectionFactory(BasicDataSource.java:1247)
	at org.apache.commons.dbcp.BasicDataSource.createDataSource(BasicDataSource.java:1221)
	... 34 common frames omitted

2020-02-13 16:13:08.515  INFO 19128 --- [main] jp.or.ja_kyousai.batch.samples.Main      : Starting Main on LAPTOP-TSFIBKG4 with PID 19128 (C:\Users\user1\IdeaProjects\SampleBatch\target\classes started by user1 in C:\Users\user1\IdeaProjects\SampleBatch)
2020-02-13 16:13:08.515  INFO 19128 --- [main] jp.or.ja_kyousai.batch.samples.Main      : No active profile set, falling back to default profiles: default
2020-02-13 16:13:10.374  WARN 19128 --- [main] s.c.a.AnnotationConfigApplicationContext : Exception encountered during context initialization - cancelling refresh attempt: org.springframework.beans.factory.BeanCreationException: Error creating bean with name 'batchConfigurer': Invocation of init method failed; nested exception is java.lang.IllegalStateException: Unable to initialize Spring Batch
2020-02-13 16:13:10.390  INFO 19128 --- [main] ConditionEvaluationReportLoggingListener : 

Error starting ApplicationContext. To display the conditions report re-run your application with 'debug' enabled.
2020-02-13 16:13:10.405 ERROR 19128 --- [main] o.s.boot.SpringApplication               : Application run failed

org.springframework.beans.factory.BeanCreationException: Error creating bean with name 'batchConfigurer': Invocation of init method failed; nested exception is java.lang.IllegalStateException: Unable to initialize Spring Batch
	at org.springframework.beans.factory.annotation.InitDestroyAnnotationBeanPostProcessor.postProcessBeforeInitialization(InitDestroyAnnotationBeanPostProcessor.java:160)
	at org.springframework.beans.factory.support.AbstractAutowireCapableBeanFactory.applyBeanPostProcessorsBeforeInitialization(AbstractAutowireCapableBeanFactory.java:416)
	at org.springframework.beans.factory.support.AbstractAutowireCapableBeanFactory.initializeBean(AbstractAutowireCapableBeanFactory.java:1788)
	at org.springframework.beans.factory.support.AbstractAutowireCapableBeanFactory.doCreateBean(AbstractAutowireCapableBeanFactory.java:595)
	at org.springframework.beans.factory.support.AbstractAutowireCapableBeanFactory.createBean(AbstractAutowireCapableBeanFactory.java:517)
	at org.springframework.beans.factory.support.AbstractBeanFactory.lambda$doGetBean$0(AbstractBeanFactory.java:323)
	at org.springframework.beans.factory.support.DefaultSingletonBeanRegistry.getSingleton(DefaultSingletonBeanRegistry.java:222)
	at org.springframework.beans.factory.support.AbstractBeanFactory.doGetBean(AbstractBeanFactory.java:321)
	at org.springframework.beans.factory.support.AbstractBeanFactory.getBean(AbstractBeanFactory.java:202)
	at org.springframework.beans.factory.support.DefaultListableBeanFactory.preInstantiateSingletons(DefaultListableBeanFactory.java:879)
	at org.springframework.context.support.AbstractApplicationContext.finishBeanFactoryInitialization(AbstractApplicationContext.java:878)
	at org.springframework.context.support.AbstractApplicationContext.refresh(AbstractApplicationContext.java:550)
	at org.springframework.boot.SpringApplication.refresh(SpringApplication.java:747)
	at org.springframework.boot.SpringApplication.refreshContext(SpringApplication.java:397)
	at org.springframework.boot.SpringApplication.run(SpringApplication.java:315)
	at org.springframework.boot.SpringApplication.run(SpringApplication.java:1226)
	at org.springframework.boot.SpringApplication.run(SpringApplication.java:1215)
	at jp.or.ja_kyousai.batch.samples.Main.main(Main.java:12)
Caused by: java.lang.IllegalStateException: Unable to initialize Spring Batch
	at org.springframework.boot.autoconfigure.batch.BasicBatchConfigurer.initialize(BasicBatchConfigurer.java:102)
	at sun.reflect.NativeMethodAccessorImpl.invoke0(Native Method)
	at sun.reflect.NativeMethodAccessorImpl.invoke(NativeMethodAccessorImpl.java:62)
	at sun.reflect.DelegatingMethodAccessorImpl.invoke(DelegatingMethodAccessorImpl.java:43)
	at java.lang.reflect.Method.invoke(Method.java:498)
	at org.springframework.beans.factory.annotation.InitDestroyAnnotationBeanPostProcessor$LifecycleElement.invoke(InitDestroyAnnotationBeanPostProcessor.java:389)
	at org.springframework.beans.factory.annotation.InitDestroyAnnotationBeanPostProcessor$LifecycleMetadata.invokeInitMethods(InitDestroyAnnotationBeanPostProcessor.java:333)
	at org.springframework.beans.factory.annotation.InitDestroyAnnotationBeanPostProcessor.postProcessBeforeInitialization(InitDestroyAnnotationBeanPostProcessor.java:157)
	... 17 common frames omitted
Caused by: org.springframework.jdbc.support.MetaDataAccessException: Could not get Connection for extracting meta-data; nested exception is org.springframework.jdbc.CannotGetJdbcConnectionException: Failed to obtain JDBC Connection; nested exception is org.apache.commons.dbcp.SQLNestedException: Cannot create PoolableConnectionFactory (ORA-01017: invalid username/password; logon denied
)
	at org.springframework.jdbc.support.JdbcUtils.extractDatabaseMetaData(JdbcUtils.java:345)
	at org.springframework.jdbc.support.JdbcUtils.extractDatabaseMetaData(JdbcUtils.java:373)
	at org.springframework.batch.support.DatabaseType.fromMetaData(DatabaseType.java:102)
	at org.springframework.batch.core.repository.support.JobRepositoryFactoryBean.afterPropertiesSet(JobRepositoryFactoryBean.java:183)
	at org.springframework.boot.autoconfigure.batch.BasicBatchConfigurer.createJobRepository(BasicBatchConfigurer.java:129)
	at org.springframework.boot.autoconfigure.batch.BasicBatchConfigurer.initialize(BasicBatchConfigurer.java:97)
	... 24 common frames omitted
Caused by: org.springframework.jdbc.CannotGetJdbcConnectionException: Failed to obtain JDBC Connection; nested exception is org.apache.commons.dbcp.SQLNestedException: Cannot create PoolableConnectionFactory (ORA-01017: invalid username/password; logon denied
)
	at org.springframework.jdbc.datasource.DataSourceUtils.getConnection(DataSourceUtils.java:82)
	at org.springframework.jdbc.support.JdbcUtils.extractDatabaseMetaData(JdbcUtils.java:336)
	... 29 common frames omitted
Caused by: org.apache.commons.dbcp.SQLNestedException: Cannot create PoolableConnectionFactory (ORA-01017: invalid username/password; logon denied
)
	at org.apache.commons.dbcp.BasicDataSource.createDataSource(BasicDataSource.java:1225)
	at org.apache.commons.dbcp.BasicDataSource.getConnection(BasicDataSource.java:880)
	at org.springframework.jdbc.datasource.DataSourceUtils.fetchConnection(DataSourceUtils.java:158)
	at org.springframework.jdbc.datasource.DataSourceUtils.doGetConnection(DataSourceUtils.java:116)
	at org.springframework.jdbc.datasource.DataSourceUtils.getConnection(DataSourceUtils.java:79)
	... 30 common frames omitted
Caused by: java.sql.SQLException: ORA-01017: invalid username/password; logon denied

	at oracle.jdbc.driver.SQLStateMapping.newSQLException(SQLStateMapping.java:70)
	at oracle.jdbc.driver.DatabaseError.newSQLException(DatabaseError.java:133)
	at oracle.jdbc.driver.DatabaseError.throwSqlException(DatabaseError.java:206)
	at oracle.jdbc.driver.T4CTTIoer.processError(T4CTTIoer.java:455)
	at oracle.jdbc.driver.T4CTTIoer.processError(T4CTTIoer.java:406)
	at oracle.jdbc.driver.T4CTTIoer.processError(T4CTTIoer.java:399)
	at oracle.jdbc.driver.T4CTTIoauthenticate.receiveOauth(T4CTTIoauthenticate.java:799)
	at oracle.jdbc.driver.T4CConnection.logon(T4CConnection.java:368)
	at oracle.jdbc.driver.PhysicalConnection.<init>(PhysicalConnection.java:508)
	at oracle.jdbc.driver.T4CConnection.<init>(T4CConnection.java:203)
	at oracle.jdbc.driver.T4CDriverExtension.getConnection(T4CDriverExtension.java:33)
	at oracle.jdbc.driver.OracleDriver.connect(OracleDriver.java:510)
	at org.apache.commons.dbcp.DriverConnectionFactory.createConnection(DriverConnectionFactory.java:38)
	at org.apache.commons.dbcp.PoolableConnectionFactory.makeObject(PoolableConnectionFactory.java:294)
	at org.apache.commons.dbcp.BasicDataSource.validateConnectionFactory(BasicDataSource.java:1247)
	at org.apache.commons.dbcp.BasicDataSource.createDataSource(BasicDataSource.java:1221)
	... 34 common frames omitted

2020-02-13 16:14:04.613  INFO 18440 --- [main] jp.or.ja_kyousai.batch.samples.Main      : Starting Main on LAPTOP-TSFIBKG4 with PID 18440 (C:\Users\user1\IdeaProjects\SampleBatch\target\classes started by user1 in C:\Users\user1\IdeaProjects\SampleBatch)
2020-02-13 16:14:04.629  INFO 18440 --- [main] jp.or.ja_kyousai.batch.samples.Main      : No active profile set, falling back to default profiles: default
2020-02-13 16:14:56.352  WARN 18440 --- [main] s.c.a.AnnotationConfigApplicationContext : Exception encountered during context initialization - cancelling refresh attempt: org.springframework.beans.factory.BeanCreationException: Error creating bean with name 'batchConfigurer': Invocation of init method failed; nested exception is java.lang.IllegalStateException: Unable to initialize Spring Batch
2020-02-13 16:14:56.367  INFO 18440 --- [main] ConditionEvaluationReportLoggingListener : 

Error starting ApplicationContext. To display the conditions report re-run your application with 'debug' enabled.
2020-02-13 16:14:56.383 ERROR 18440 --- [main] o.s.boot.SpringApplication               : Application run failed

org.springframework.beans.factory.BeanCreationException: Error creating bean with name 'batchConfigurer': Invocation of init method failed; nested exception is java.lang.IllegalStateException: Unable to initialize Spring Batch
	at org.springframework.beans.factory.annotation.InitDestroyAnnotationBeanPostProcessor.postProcessBeforeInitialization(InitDestroyAnnotationBeanPostProcessor.java:160)
	at org.springframework.beans.factory.support.AbstractAutowireCapableBeanFactory.applyBeanPostProcessorsBeforeInitialization(AbstractAutowireCapableBeanFactory.java:416)
	at org.springframework.beans.factory.support.AbstractAutowireCapableBeanFactory.initializeBean(AbstractAutowireCapableBeanFactory.java:1788)
	at org.springframework.beans.factory.support.AbstractAutowireCapableBeanFactory.doCreateBean(AbstractAutowireCapableBeanFactory.java:595)
	at org.springframework.beans.factory.support.AbstractAutowireCapableBeanFactory.createBean(AbstractAutowireCapableBeanFactory.java:517)
	at org.springframework.beans.factory.support.AbstractBeanFactory.lambda$doGetBean$0(AbstractBeanFactory.java:323)
	at org.springframework.beans.factory.support.DefaultSingletonBeanRegistry.getSingleton(DefaultSingletonBeanRegistry.java:222)
	at org.springframework.beans.factory.support.AbstractBeanFactory.doGetBean(AbstractBeanFactory.java:321)
	at org.springframework.beans.factory.support.AbstractBeanFactory.getBean(AbstractBeanFactory.java:202)
	at org.springframework.beans.factory.support.DefaultListableBeanFactory.preInstantiateSingletons(DefaultListableBeanFactory.java:879)
	at org.springframework.context.support.AbstractApplicationContext.finishBeanFactoryInitialization(AbstractApplicationContext.java:878)
	at org.springframework.context.support.AbstractApplicationContext.refresh(AbstractApplicationContext.java:550)
	at org.springframework.boot.SpringApplication.refresh(SpringApplication.java:747)
	at org.springframework.boot.SpringApplication.refreshContext(SpringApplication.java:397)
	at org.springframework.boot.SpringApplication.run(SpringApplication.java:315)
	at org.springframework.boot.SpringApplication.run(SpringApplication.java:1226)
	at org.springframework.boot.SpringApplication.run(SpringApplication.java:1215)
	at jp.or.ja_kyousai.batch.samples.Main.main(Main.java:12)
Caused by: java.lang.IllegalStateException: Unable to initialize Spring Batch
	at org.springframework.boot.autoconfigure.batch.BasicBatchConfigurer.initialize(BasicBatchConfigurer.java:102)
	at sun.reflect.NativeMethodAccessorImpl.invoke0(Native Method)
	at sun.reflect.NativeMethodAccessorImpl.invoke(NativeMethodAccessorImpl.java:62)
	at sun.reflect.DelegatingMethodAccessorImpl.invoke(DelegatingMethodAccessorImpl.java:43)
	at java.lang.reflect.Method.invoke(Method.java:498)
	at org.springframework.beans.factory.annotation.InitDestroyAnnotationBeanPostProcessor$LifecycleElement.invoke(InitDestroyAnnotationBeanPostProcessor.java:389)
	at org.springframework.beans.factory.annotation.InitDestroyAnnotationBeanPostProcessor$LifecycleMetadata.invokeInitMethods(InitDestroyAnnotationBeanPostProcessor.java:333)
	at org.springframework.beans.factory.annotation.InitDestroyAnnotationBeanPostProcessor.postProcessBeforeInitialization(InitDestroyAnnotationBeanPostProcessor.java:157)
	... 17 common frames omitted
Caused by: org.springframework.jdbc.support.MetaDataAccessException: Could not get Connection for extracting meta-data; nested exception is org.springframework.jdbc.CannotGetJdbcConnectionException: Failed to obtain JDBC Connection; nested exception is org.apache.commons.dbcp.SQLNestedException: Cannot create PoolableConnectionFactory (ORA-01017: invalid username/password; logon denied
)
	at org.springframework.jdbc.support.JdbcUtils.extractDatabaseMetaData(JdbcUtils.java:345)
	at org.springframework.jdbc.support.JdbcUtils.extractDatabaseMetaData(JdbcUtils.java:373)
	at org.springframework.batch.support.DatabaseType.fromMetaData(DatabaseType.java:102)
	at org.springframework.batch.core.repository.support.JobRepositoryFactoryBean.afterPropertiesSet(JobRepositoryFactoryBean.java:183)
	at org.springframework.boot.autoconfigure.batch.BasicBatchConfigurer.createJobRepository(BasicBatchConfigurer.java:129)
	at org.springframework.boot.autoconfigure.batch.BasicBatchConfigurer.initialize(BasicBatchConfigurer.java:97)
	... 24 common frames omitted
Caused by: org.springframework.jdbc.CannotGetJdbcConnectionException: Failed to obtain JDBC Connection; nested exception is org.apache.commons.dbcp.SQLNestedException: Cannot create PoolableConnectionFactory (ORA-01017: invalid username/password; logon denied
)
	at org.springframework.jdbc.datasource.DataSourceUtils.getConnection(DataSourceUtils.java:82)
	at org.springframework.jdbc.support.JdbcUtils.extractDatabaseMetaData(JdbcUtils.java:336)
	... 29 common frames omitted
Caused by: org.apache.commons.dbcp.SQLNestedException: Cannot create PoolableConnectionFactory (ORA-01017: invalid username/password; logon denied
)
	at org.apache.commons.dbcp.BasicDataSource.createDataSource(BasicDataSource.java:1225)
	at org.apache.commons.dbcp.BasicDataSource.getConnection(BasicDataSource.java:880)
	at org.springframework.jdbc.datasource.DataSourceUtils.fetchConnection(DataSourceUtils.java:158)
	at org.springframework.jdbc.datasource.DataSourceUtils.doGetConnection(DataSourceUtils.java:116)
	at org.springframework.jdbc.datasource.DataSourceUtils.getConnection(DataSourceUtils.java:79)
	... 30 common frames omitted
Caused by: java.sql.SQLException: ORA-01017: invalid username/password; logon denied

	at oracle.jdbc.driver.SQLStateMapping.newSQLException(SQLStateMapping.java:70)
	at oracle.jdbc.driver.DatabaseError.newSQLException(DatabaseError.java:133)
	at oracle.jdbc.driver.DatabaseError.throwSqlException(DatabaseError.java:206)
	at oracle.jdbc.driver.T4CTTIoer.processError(T4CTTIoer.java:455)
	at oracle.jdbc.driver.T4CTTIoer.processError(T4CTTIoer.java:406)
	at oracle.jdbc.driver.T4CTTIoer.processError(T4CTTIoer.java:399)
	at oracle.jdbc.driver.T4CTTIoauthenticate.receiveOauth(T4CTTIoauthenticate.java:799)
	at oracle.jdbc.driver.T4CConnection.logon(T4CConnection.java:368)
	at oracle.jdbc.driver.PhysicalConnection.<init>(PhysicalConnection.java:508)
	at oracle.jdbc.driver.T4CConnection.<init>(T4CConnection.java:203)
	at oracle.jdbc.driver.T4CDriverExtension.getConnection(T4CDriverExtension.java:33)
	at oracle.jdbc.driver.OracleDriver.connect(OracleDriver.java:510)
	at org.apache.commons.dbcp.DriverConnectionFactory.createConnection(DriverConnectionFactory.java:38)
	at org.apache.commons.dbcp.PoolableConnectionFactory.makeObject(PoolableConnectionFactory.java:294)
	at org.apache.commons.dbcp.BasicDataSource.validateConnectionFactory(BasicDataSource.java:1247)
	at org.apache.commons.dbcp.BasicDataSource.createDataSource(BasicDataSource.java:1221)
	... 34 common frames omitted

2020-02-13 16:15:00.716  INFO 15608 --- [main] jp.or.ja_kyousai.batch.samples.Main      : Starting Main on LAPTOP-TSFIBKG4 with PID 15608 (C:\Users\user1\IdeaProjects\SampleBatch\target\classes started by user1 in C:\Users\user1\IdeaProjects\SampleBatch)
2020-02-13 16:15:00.731  INFO 15608 --- [main] jp.or.ja_kyousai.batch.samples.Main      : No active profile set, falling back to default profiles: default
2020-02-13 16:15:37.405  INFO 18216 --- [main] jp.or.ja_kyousai.batch.samples.Main      : Starting Main on LAPTOP-TSFIBKG4 with PID 18216 (C:\Users\user1\IdeaProjects\SampleBatch\target\classes started by user1 in C:\Users\user1\IdeaProjects\SampleBatch)
2020-02-13 16:15:37.405  INFO 18216 --- [main] jp.or.ja_kyousai.batch.samples.Main      : No active profile set, falling back to default profiles: default
2020-02-13 16:16:43.295  INFO 19588 --- [main] jp.or.ja_kyousai.batch.samples.Main      : Starting Main on LAPTOP-TSFIBKG4 with PID 19588 (C:\Users\user1\IdeaProjects\SampleBatch\target\classes started by user1 in C:\Users\user1\IdeaProjects\SampleBatch)
2020-02-13 16:16:43.295  INFO 19588 --- [main] jp.or.ja_kyousai.batch.samples.Main      : No active profile set, falling back to default profiles: default
2020-02-13 16:21:47.962  INFO 20244 --- [main] jp.or.ja_kyousai.batch.samples.Main      : Starting Main on LAPTOP-TSFIBKG4 with PID 20244 (C:\Users\user1\IdeaProjects\SampleBatch\target\classes started by user1 in C:\Users\user1\IdeaProjects\SampleBatch)
2020-02-13 16:21:47.977  INFO 20244 --- [main] jp.or.ja_kyousai.batch.samples.Main      : No active profile set, falling back to default profiles: default
2020-02-13 16:25:17.760  INFO 1516 --- [main] jp.or.ja_kyousai.batch.samples.Main      : Starting Main on LAPTOP-TSFIBKG4 with PID 1516 (C:\Users\user1\IdeaProjects\SampleBatch\target\classes started by user1 in C:\Users\user1\IdeaProjects\SampleBatch)
2020-02-13 16:25:17.760  INFO 1516 --- [main] jp.or.ja_kyousai.batch.samples.Main      : No active profile set, falling back to default profiles: default
2020-02-13 16:25:18.588  WARN 1516 --- [main] s.c.a.AnnotationConfigApplicationContext : Exception encountered during context initialization - cancelling refresh attempt: org.springframework.beans.factory.UnsatisfiedDependencyException: Error creating bean with name 'batchConfiguration': Unsatisfied dependency expressed through field 'jobBuilderFactory'; nested exception is org.springframework.beans.factory.UnsatisfiedDependencyException: Error creating bean with name 'org.springframework.batch.core.configuration.annotation.SimpleBatchConfiguration': Unsatisfied dependency expressed through field 'dataSource'; nested exception is org.springframework.beans.factory.BeanCreationException: Error creating bean with name 'dataSource' defined in jp.or.ja_kyousai.batch.samples.tasklet.BatchConfiguration: Bean instantiation via factory method failed; nested exception is org.springframework.beans.BeanInstantiationException: Failed to instantiate [javax.sql.DataSource]: Circular reference involving containing bean 'batchConfiguration' - consider declaring the factory method as static for independence from its containing instance. Factory method 'dataSource' threw exception; nested exception is org.springframework.boot.context.properties.ConfigurationPropertiesBindException: Error creating bean with name 'applicationProperties': Could not bind properties to 'ApplicationProperties' : prefix=, ignoreInvalidFields=false, ignoreUnknownFields=true; nested exception is org.springframework.boot.context.properties.bind.BindException: Failed to bind properties under '' to jp.or.ja_kyousai.batch.util.ApplicationProperties
2020-02-13 16:25:18.588  INFO 1516 --- [main] ConditionEvaluationReportLoggingListener : 

Error starting ApplicationContext. To display the conditions report re-run your application with 'debug' enabled.
2020-02-13 16:25:18.588 ERROR 1516 --- [main] o.s.b.d.LoggingFailureAnalysisReporter   : 

***************************
APPLICATION FAILED TO START
***************************

Description:

Failed to bind properties under '' to jp.or.ja_kyousai.batch.util.ApplicationProperties:

    Property: username
    Value: user1
    Origin: System Environment Property "USERNAME"
    Reason: No setter found for property: username

Action:

Update your application's configuration

2020-02-13 16:27:35.622  INFO 18052 --- [main] jp.or.ja_kyousai.batch.samples.Main      : Starting Main on LAPTOP-TSFIBKG4 with PID 18052 (C:\Users\user1\IdeaProjects\SampleBatch\target\classes started by user1 in C:\Users\user1\IdeaProjects\SampleBatch)
2020-02-13 16:27:35.622  INFO 18052 --- [main] jp.or.ja_kyousai.batch.samples.Main      : No active profile set, falling back to default profiles: default
2020-02-13 16:27:36.481  WARN 18052 --- [main] s.c.a.AnnotationConfigApplicationContext : Exception encountered during context initialization - cancelling refresh attempt: org.springframework.beans.factory.UnsatisfiedDependencyException: Error creating bean with name 'batchConfiguration': Unsatisfied dependency expressed through field 'jobBuilderFactory'; nested exception is org.springframework.beans.factory.UnsatisfiedDependencyException: Error creating bean with name 'org.springframework.batch.core.configuration.annotation.SimpleBatchConfiguration': Unsatisfied dependency expressed through field 'dataSource'; nested exception is org.springframework.beans.factory.BeanCreationException: Error creating bean with name 'dataSource' defined in jp.or.ja_kyousai.batch.samples.tasklet.BatchConfiguration: Bean instantiation via factory method failed; nested exception is org.springframework.beans.BeanInstantiationException: Failed to instantiate [javax.sql.DataSource]: Circular reference involving containing bean 'batchConfiguration' - consider declaring the factory method as static for independence from its containing instance. Factory method 'dataSource' threw exception; nested exception is org.springframework.boot.context.properties.ConfigurationPropertiesBindException: Error creating bean with name 'applicationProperties': Could not bind properties to 'ApplicationProperties' : prefix=, ignoreInvalidFields=false, ignoreUnknownFields=true; nested exception is org.springframework.boot.context.properties.bind.BindException: Failed to bind properties under '' to jp.or.ja_kyousai.batch.util.ApplicationProperties
2020-02-13 16:27:36.481  INFO 18052 --- [main] ConditionEvaluationReportLoggingListener : 

Error starting ApplicationContext. To display the conditions report re-run your application with 'debug' enabled.
2020-02-13 16:27:36.497 ERROR 18052 --- [main] o.s.b.d.LoggingFailureAnalysisReporter   : 

***************************
APPLICATION FAILED TO START
***************************

Description:

Failed to bind properties under '' to jp.or.ja_kyousai.batch.util.ApplicationProperties:

    Property: username
    Value: user1
    Origin: System Environment Property "USERNAME"
    Reason: No setter found for property: username

Action:

Update your application's configuration

2020-02-13 16:29:02.522  INFO 9836 --- [main] jp.or.ja_kyousai.batch.samples.Main      : Starting Main on LAPTOP-TSFIBKG4 with PID 9836 (C:\Users\user1\IdeaProjects\SampleBatch\target\classes started by user1 in C:\Users\user1\IdeaProjects\SampleBatch)
2020-02-13 16:29:02.522  INFO 9836 --- [main] jp.or.ja_kyousai.batch.samples.Main      : No active profile set, falling back to default profiles: default
2020-02-13 16:29:03.287  WARN 9836 --- [main] s.c.a.AnnotationConfigApplicationContext : Exception encountered during context initialization - cancelling refresh attempt: org.springframework.beans.factory.UnsatisfiedDependencyException: Error creating bean with name 'batchConfiguration': Unsatisfied dependency expressed through field 'jobBuilderFactory'; nested exception is org.springframework.beans.factory.UnsatisfiedDependencyException: Error creating bean with name 'org.springframework.batch.core.configuration.annotation.SimpleBatchConfiguration': Unsatisfied dependency expressed through field 'dataSource'; nested exception is org.springframework.beans.factory.BeanCreationException: Error creating bean with name 'dataSource' defined in jp.or.ja_kyousai.batch.samples.tasklet.BatchConfiguration: Bean instantiation via factory method failed; nested exception is org.springframework.beans.BeanInstantiationException: Failed to instantiate [javax.sql.DataSource]: Circular reference involving containing bean 'batchConfiguration' - consider declaring the factory method as static for independence from its containing instance. Factory method 'dataSource' threw exception; nested exception is org.springframework.boot.context.properties.ConfigurationPropertiesBindException: Error creating bean with name 'applicationProperties': Could not bind properties to 'ApplicationProperties' : prefix=, ignoreInvalidFields=false, ignoreUnknownFields=true; nested exception is org.springframework.boot.context.properties.bind.BindException: Failed to bind properties under '' to jp.or.ja_kyousai.batch.util.ApplicationProperties
2020-02-13 16:29:03.303  INFO 9836 --- [main] ConditionEvaluationReportLoggingListener : 

Error starting ApplicationContext. To display the conditions report re-run your application with 'debug' enabled.
2020-02-13 16:29:03.303 ERROR 9836 --- [main] o.s.b.d.LoggingFailureAnalysisReporter   : 

***************************
APPLICATION FAILED TO START
***************************

Description:

Failed to bind properties under '' to jp.or.ja_kyousai.batch.util.ApplicationProperties:

    Property: username
    Value: user1
    Origin: System Environment Property "USERNAME"
    Reason: No setter found for property: username

Action:

Update your application's configuration

2020-02-13 16:30:44.861  INFO 2804 --- [main] jp.or.ja_kyousai.batch.samples.Main      : Starting Main on LAPTOP-TSFIBKG4 with PID 2804 (C:\Users\user1\IdeaProjects\SampleBatch\target\classes started by user1 in C:\Users\user1\IdeaProjects\SampleBatch)
2020-02-13 16:30:44.876  INFO 2804 --- [main] jp.or.ja_kyousai.batch.samples.Main      : No active profile set, falling back to default profiles: default
2020-02-13 16:30:46.751  INFO 2804 --- [main] o.s.b.c.r.s.JobRepositoryFactoryBean     : No database type set, using meta data indicating: ORACLE
2020-02-13 16:30:46.891  INFO 2804 --- [main] o.s.b.c.l.support.SimpleJobLauncher      : No TaskExecutor has been set, defaulting to synchronous executor.
2020-02-13 16:30:47.016  INFO 2804 --- [main] jp.or.ja_kyousai.batch.samples.Main      : Started Main in 2.501 seconds (JVM running for 3.146)
2020-02-13 16:30:47.016  INFO 2804 --- [main] o.s.b.a.b.JobLauncherCommandLineRunner   : Running default command line with: []
2020-02-13 16:30:47.204  INFO 2804 --- [main] o.s.b.c.l.support.SimpleJobLauncher      : Job: [SimpleJob: [name=job11581579045876]] launched with the following parameters: [{run.id=1}]
2020-02-13 16:30:47.251  INFO 2804 --- [main] o.s.batch.core.job.SimpleStepHandler     : Executing step: [step1]
2020-02-13 16:30:47.266  INFO 2804 --- [main] j.o.j.b.s.tasklet.BatchConfiguration     : Step1の開始
2020-02-13 16:30:47.344 ERROR 2804 --- [main] o.s.batch.core.step.AbstractStep         : Encountered an error executing step step1 in job job11581579045876

org.apache.ibatis.binding.BindingException: Invalid bound statement (not found): jp.or.ja_kyousai.batch.mapper.MembersMapper.truncate
	at org.apache.ibatis.binding.MapperMethod$SqlCommand.<init>(MapperMethod.java:235)
	at org.apache.ibatis.binding.MapperMethod.<init>(MapperMethod.java:53)
	at org.apache.ibatis.binding.MapperProxy.lambda$cachedInvoker$0(MapperProxy.java:107)
	at java.util.concurrent.ConcurrentHashMap.computeIfAbsent(ConcurrentHashMap.java:1660)
	at org.apache.ibatis.binding.MapperProxy.cachedInvoker(MapperProxy.java:94)
	at org.apache.ibatis.binding.MapperProxy.invoke(MapperProxy.java:85)
	at com.sun.proxy.$Proxy54.truncate(Unknown Source)
	at jp.or.ja_kyousai.batch.samples.tasklet.BatchConfiguration$1.execute(BatchConfiguration.java:63)
	at org.springframework.batch.core.step.tasklet.TaskletStep$ChunkTransactionCallback.doInTransaction(TaskletStep.java:407)
	at org.springframework.batch.core.step.tasklet.TaskletStep$ChunkTransactionCallback.doInTransaction(TaskletStep.java:331)
	at org.springframework.transaction.support.TransactionTemplate.execute(TransactionTemplate.java:140)
	at org.springframework.batch.core.step.tasklet.TaskletStep$2.doInChunkContext(TaskletStep.java:273)
	at org.springframework.batch.core.scope.context.StepContextRepeatCallback.doInIteration(StepContextRepeatCallback.java:82)
	at org.springframework.batch.repeat.support.RepeatTemplate.getNextResult(RepeatTemplate.java:375)
	at org.springframework.batch.repeat.support.RepeatTemplate.executeInternal(RepeatTemplate.java:215)
	at org.springframework.batch.repeat.support.RepeatTemplate.iterate(RepeatTemplate.java:145)
	at org.springframework.batch.core.step.tasklet.TaskletStep.doExecute(TaskletStep.java:258)
	at org.springframework.batch.core.step.AbstractStep.execute(AbstractStep.java:208)
	at org.springframework.batch.core.job.SimpleStepHandler.handleStep(SimpleStepHandler.java:148)
	at org.springframework.batch.core.job.AbstractJob.handleStep(AbstractJob.java:410)
	at org.springframework.batch.core.job.SimpleJob.doExecute(SimpleJob.java:136)
	at org.springframework.batch.core.job.AbstractJob.execute(AbstractJob.java:319)
	at org.springframework.batch.core.launch.support.SimpleJobLauncher$1.run(SimpleJobLauncher.java:147)
	at org.springframework.core.task.SyncTaskExecutor.execute(SyncTaskExecutor.java:50)
	at org.springframework.batch.core.launch.support.SimpleJobLauncher.run(SimpleJobLauncher.java:140)
	at sun.reflect.NativeMethodAccessorImpl.invoke0(Native Method)
	at sun.reflect.NativeMethodAccessorImpl.invoke(NativeMethodAccessorImpl.java:62)
	at sun.reflect.DelegatingMethodAccessorImpl.invoke(DelegatingMethodAccessorImpl.java:43)
	at java.lang.reflect.Method.invoke(Method.java:498)
	at org.springframework.aop.support.AopUtils.invokeJoinpointUsingReflection(AopUtils.java:344)
	at org.springframework.aop.framework.ReflectiveMethodInvocation.invokeJoinpoint(ReflectiveMethodInvocation.java:198)
	at org.springframework.aop.framework.ReflectiveMethodInvocation.proceed(ReflectiveMethodInvocation.java:163)
	at org.springframework.batch.core.configuration.annotation.SimpleBatchConfiguration$PassthruAdvice.invoke(SimpleBatchConfiguration.java:127)
	at org.springframework.aop.framework.ReflectiveMethodInvocation.proceed(ReflectiveMethodInvocation.java:186)
	at org.springframework.aop.framework.JdkDynamicAopProxy.invoke(JdkDynamicAopProxy.java:212)
	at com.sun.proxy.$Proxy39.run(Unknown Source)
	at org.springframework.boot.autoconfigure.batch.JobLauncherCommandLineRunner.execute(JobLauncherCommandLineRunner.java:192)
	at org.springframework.boot.autoconfigure.batch.JobLauncherCommandLineRunner.executeLocalJobs(JobLauncherCommandLineRunner.java:166)
	at org.springframework.boot.autoconfigure.batch.JobLauncherCommandLineRunner.launchJobFromProperties(JobLauncherCommandLineRunner.java:153)
	at org.springframework.boot.autoconfigure.batch.JobLauncherCommandLineRunner.run(JobLauncherCommandLineRunner.java:148)
	at org.springframework.boot.SpringApplication.callRunner(SpringApplication.java:784)
	at org.springframework.boot.SpringApplication.callRunners(SpringApplication.java:768)
	at org.springframework.boot.SpringApplication.run(SpringApplication.java:322)
	at org.springframework.boot.SpringApplication.run(SpringApplication.java:1226)
	at org.springframework.boot.SpringApplication.run(SpringApplication.java:1215)
	at jp.or.ja_kyousai.batch.samples.Main.main(Main.java:12)

2020-02-13 16:30:47.360  INFO 2804 --- [main] o.s.batch.core.step.AbstractStep         : Step: [step1] executed in 109ms
2020-02-13 16:30:47.360  INFO 2804 --- [main] o.s.b.c.l.support.SimpleJobLauncher      : Job: [SimpleJob: [name=job11581579045876]] completed with the following parameters: [{run.id=1}] and the following status: [FAILED] in 140ms
2020-02-13 16:35:06.952  INFO 19916 --- [main] jp.or.ja_kyousai.batch.samples.Main      : Starting Main on LAPTOP-TSFIBKG4 with PID 19916 (C:\Users\user1\IdeaProjects\SampleBatch\target\classes started by user1 in C:\Users\user1\IdeaProjects\SampleBatch)
2020-02-13 16:35:06.952  INFO 19916 --- [main] jp.or.ja_kyousai.batch.samples.Main      : No active profile set, falling back to default profiles: default
2020-02-13 16:35:08.951  INFO 19916 --- [main] o.s.b.c.r.s.JobRepositoryFactoryBean     : No database type set, using meta data indicating: ORACLE
2020-02-13 16:35:09.123  INFO 19916 --- [main] o.s.b.c.l.support.SimpleJobLauncher      : No TaskExecutor has been set, defaulting to synchronous executor.
2020-02-13 16:35:09.248  INFO 19916 --- [main] jp.or.ja_kyousai.batch.samples.Main      : Started Main in 2.656 seconds (JVM running for 3.31)
2020-02-13 16:35:09.248  INFO 19916 --- [main] o.s.b.a.b.JobLauncherCommandLineRunner   : Running default command line with: []
2020-02-13 16:35:09.389  INFO 19916 --- [main] o.s.b.c.l.support.SimpleJobLauncher      : Job: [SimpleJob: [name=job11581579307999]] launched with the following parameters: [{run.id=1}]
2020-02-13 16:35:09.436  INFO 19916 --- [main] o.s.batch.core.job.SimpleStepHandler     : Executing step: [step1]
2020-02-13 16:35:09.451  INFO 19916 --- [main] j.o.j.b.s.tasklet.BatchConfiguration     : Step1の開始
2020-02-13 16:35:09.592 ERROR 19916 --- [main] o.s.batch.core.step.AbstractStep         : Encountered an error executing step step1 in job job11581579307999

java.io.FileNotFoundException: data.csv (指定されたファイルが見つかりません。)
	at java.io.FileInputStream.open0(Native Method)
	at java.io.FileInputStream.open(FileInputStream.java:195)
	at java.io.FileInputStream.<init>(FileInputStream.java:138)
	at java.io.FileReader.<init>(FileReader.java:72)
	at jp.or.ja_kyousai.batch.samples.tasklet.BatchConfiguration$1.execute(BatchConfiguration.java:67)
	at org.springframework.batch.core.step.tasklet.TaskletStep$ChunkTransactionCallback.doInTransaction(TaskletStep.java:407)
	at org.springframework.batch.core.step.tasklet.TaskletStep$ChunkTransactionCallback.doInTransaction(TaskletStep.java:331)
	at org.springframework.transaction.support.TransactionTemplate.execute(TransactionTemplate.java:140)
	at org.springframework.batch.core.step.tasklet.TaskletStep$2.doInChunkContext(TaskletStep.java:273)
	at org.springframework.batch.core.scope.context.StepContextRepeatCallback.doInIteration(StepContextRepeatCallback.java:82)
	at org.springframework.batch.repeat.support.RepeatTemplate.getNextResult(RepeatTemplate.java:375)
	at org.springframework.batch.repeat.support.RepeatTemplate.executeInternal(RepeatTemplate.java:215)
	at org.springframework.batch.repeat.support.RepeatTemplate.iterate(RepeatTemplate.java:145)
	at org.springframework.batch.core.step.tasklet.TaskletStep.doExecute(TaskletStep.java:258)
	at org.springframework.batch.core.step.AbstractStep.execute(AbstractStep.java:208)
	at org.springframework.batch.core.job.SimpleStepHandler.handleStep(SimpleStepHandler.java:148)
	at org.springframework.batch.core.job.AbstractJob.handleStep(AbstractJob.java:410)
	at org.springframework.batch.core.job.SimpleJob.doExecute(SimpleJob.java:136)
	at org.springframework.batch.core.job.AbstractJob.execute(AbstractJob.java:319)
	at org.springframework.batch.core.launch.support.SimpleJobLauncher$1.run(SimpleJobLauncher.java:147)
	at org.springframework.core.task.SyncTaskExecutor.execute(SyncTaskExecutor.java:50)
	at org.springframework.batch.core.launch.support.SimpleJobLauncher.run(SimpleJobLauncher.java:140)
	at sun.reflect.NativeMethodAccessorImpl.invoke0(Native Method)
	at sun.reflect.NativeMethodAccessorImpl.invoke(NativeMethodAccessorImpl.java:62)
	at sun.reflect.DelegatingMethodAccessorImpl.invoke(DelegatingMethodAccessorImpl.java:43)
	at java.lang.reflect.Method.invoke(Method.java:498)
	at org.springframework.aop.support.AopUtils.invokeJoinpointUsingReflection(AopUtils.java:344)
	at org.springframework.aop.framework.ReflectiveMethodInvocation.invokeJoinpoint(ReflectiveMethodInvocation.java:198)
	at org.springframework.aop.framework.ReflectiveMethodInvocation.proceed(ReflectiveMethodInvocation.java:163)
	at org.springframework.batch.core.configuration.annotation.SimpleBatchConfiguration$PassthruAdvice.invoke(SimpleBatchConfiguration.java:127)
	at org.springframework.aop.framework.ReflectiveMethodInvocation.proceed(ReflectiveMethodInvocation.java:186)
	at org.springframework.aop.framework.JdkDynamicAopProxy.invoke(JdkDynamicAopProxy.java:212)
	at com.sun.proxy.$Proxy39.run(Unknown Source)
	at org.springframework.boot.autoconfigure.batch.JobLauncherCommandLineRunner.execute(JobLauncherCommandLineRunner.java:192)
	at org.springframework.boot.autoconfigure.batch.JobLauncherCommandLineRunner.executeLocalJobs(JobLauncherCommandLineRunner.java:166)
	at org.springframework.boot.autoconfigure.batch.JobLauncherCommandLineRunner.launchJobFromProperties(JobLauncherCommandLineRunner.java:153)
	at org.springframework.boot.autoconfigure.batch.JobLauncherCommandLineRunner.run(JobLauncherCommandLineRunner.java:148)
	at org.springframework.boot.SpringApplication.callRunner(SpringApplication.java:784)
	at org.springframework.boot.SpringApplication.callRunners(SpringApplication.java:768)
	at org.springframework.boot.SpringApplication.run(SpringApplication.java:322)
	at org.springframework.boot.SpringApplication.run(SpringApplication.java:1226)
	at org.springframework.boot.SpringApplication.run(SpringApplication.java:1215)
	at jp.or.ja_kyousai.batch.samples.Main.main(Main.java:12)

2020-02-13 16:35:09.608  INFO 19916 --- [main] o.s.batch.core.step.AbstractStep         : Step: [step1] executed in 172ms
2020-02-13 16:35:09.608  INFO 19916 --- [main] o.s.b.c.l.support.SimpleJobLauncher      : Job: [SimpleJob: [name=job11581579307999]] completed with the following parameters: [{run.id=1}] and the following status: [FAILED] in 188ms
2020-02-13 16:35:59.029  INFO 19472 --- [main] jp.or.ja_kyousai.batch.samples.Main      : Starting Main on LAPTOP-TSFIBKG4 with PID 19472 (C:\Users\user1\IdeaProjects\SampleBatch\target\classes started by user1 in C:\Users\user1\IdeaProjects\SampleBatch)
2020-02-13 16:35:59.044  INFO 19472 --- [main] jp.or.ja_kyousai.batch.samples.Main      : No active profile set, falling back to default profiles: default
2020-02-13 16:36:01.231  INFO 19472 --- [main] o.s.b.c.r.s.JobRepositoryFactoryBean     : No database type set, using meta data indicating: ORACLE
2020-02-13 16:36:01.356  INFO 19472 --- [main] o.s.b.c.l.support.SimpleJobLauncher      : No TaskExecutor has been set, defaulting to synchronous executor.
2020-02-13 16:36:01.481  INFO 19472 --- [main] jp.or.ja_kyousai.batch.samples.Main      : Started Main in 2.811 seconds (JVM running for 3.43)
2020-02-13 16:36:01.481  INFO 19472 --- [main] o.s.b.a.b.JobLauncherCommandLineRunner   : Running default command line with: []
2020-02-13 16:36:01.606  INFO 19472 --- [main] o.s.b.c.l.support.SimpleJobLauncher      : Job: [SimpleJob: [name=job11581579360185]] launched with the following parameters: [{run.id=1}]
2020-02-13 16:36:01.653  INFO 19472 --- [main] o.s.batch.core.job.SimpleStepHandler     : Executing step: [step1]
2020-02-13 16:36:01.653  INFO 19472 --- [main] j.o.j.b.s.tasklet.BatchConfiguration     : Step1の開始
2020-02-13 16:36:01.731 ERROR 19472 --- [main] o.s.batch.core.step.AbstractStep         : Encountered an error executing step step1 in job job11581579360185

java.io.FileNotFoundException: resources\data.csv (指定されたパスが見つかりません。)
	at java.io.FileInputStream.open0(Native Method)
	at java.io.FileInputStream.open(FileInputStream.java:195)
	at java.io.FileInputStream.<init>(FileInputStream.java:138)
	at java.io.FileReader.<init>(FileReader.java:72)
	at jp.or.ja_kyousai.batch.samples.tasklet.BatchConfiguration$1.execute(BatchConfiguration.java:67)
	at org.springframework.batch.core.step.tasklet.TaskletStep$ChunkTransactionCallback.doInTransaction(TaskletStep.java:407)
	at org.springframework.batch.core.step.tasklet.TaskletStep$ChunkTransactionCallback.doInTransaction(TaskletStep.java:331)
	at org.springframework.transaction.support.TransactionTemplate.execute(TransactionTemplate.java:140)
	at org.springframework.batch.core.step.tasklet.TaskletStep$2.doInChunkContext(TaskletStep.java:273)
	at org.springframework.batch.core.scope.context.StepContextRepeatCallback.doInIteration(StepContextRepeatCallback.java:82)
	at org.springframework.batch.repeat.support.RepeatTemplate.getNextResult(RepeatTemplate.java:375)
	at org.springframework.batch.repeat.support.RepeatTemplate.executeInternal(RepeatTemplate.java:215)
	at org.springframework.batch.repeat.support.RepeatTemplate.iterate(RepeatTemplate.java:145)
	at org.springframework.batch.core.step.tasklet.TaskletStep.doExecute(TaskletStep.java:258)
	at org.springframework.batch.core.step.AbstractStep.execute(AbstractStep.java:208)
	at org.springframework.batch.core.job.SimpleStepHandler.handleStep(SimpleStepHandler.java:148)
	at org.springframework.batch.core.job.AbstractJob.handleStep(AbstractJob.java:410)
	at org.springframework.batch.core.job.SimpleJob.doExecute(SimpleJob.java:136)
	at org.springframework.batch.core.job.AbstractJob.execute(AbstractJob.java:319)
	at org.springframework.batch.core.launch.support.SimpleJobLauncher$1.run(SimpleJobLauncher.java:147)
	at org.springframework.core.task.SyncTaskExecutor.execute(SyncTaskExecutor.java:50)
	at org.springframework.batch.core.launch.support.SimpleJobLauncher.run(SimpleJobLauncher.java:140)
	at sun.reflect.NativeMethodAccessorImpl.invoke0(Native Method)
	at sun.reflect.NativeMethodAccessorImpl.invoke(NativeMethodAccessorImpl.java:62)
	at sun.reflect.DelegatingMethodAccessorImpl.invoke(DelegatingMethodAccessorImpl.java:43)
	at java.lang.reflect.Method.invoke(Method.java:498)
	at org.springframework.aop.support.AopUtils.invokeJoinpointUsingReflection(AopUtils.java:344)
	at org.springframework.aop.framework.ReflectiveMethodInvocation.invokeJoinpoint(ReflectiveMethodInvocation.java:198)
	at org.springframework.aop.framework.ReflectiveMethodInvocation.proceed(ReflectiveMethodInvocation.java:163)
	at org.springframework.batch.core.configuration.annotation.SimpleBatchConfiguration$PassthruAdvice.invoke(SimpleBatchConfiguration.java:127)
	at org.springframework.aop.framework.ReflectiveMethodInvocation.proceed(ReflectiveMethodInvocation.java:186)
	at org.springframework.aop.framework.JdkDynamicAopProxy.invoke(JdkDynamicAopProxy.java:212)
	at com.sun.proxy.$Proxy39.run(Unknown Source)
	at org.springframework.boot.autoconfigure.batch.JobLauncherCommandLineRunner.execute(JobLauncherCommandLineRunner.java:192)
	at org.springframework.boot.autoconfigure.batch.JobLauncherCommandLineRunner.executeLocalJobs(JobLauncherCommandLineRunner.java:166)
	at org.springframework.boot.autoconfigure.batch.JobLauncherCommandLineRunner.launchJobFromProperties(JobLauncherCommandLineRunner.java:153)
	at org.springframework.boot.autoconfigure.batch.JobLauncherCommandLineRunner.run(JobLauncherCommandLineRunner.java:148)
	at org.springframework.boot.SpringApplication.callRunner(SpringApplication.java:784)
	at org.springframework.boot.SpringApplication.callRunners(SpringApplication.java:768)
	at org.springframework.boot.SpringApplication.run(SpringApplication.java:322)
	at org.springframework.boot.SpringApplication.run(SpringApplication.java:1226)
	at org.springframework.boot.SpringApplication.run(SpringApplication.java:1215)
	at jp.or.ja_kyousai.batch.samples.Main.main(Main.java:12)

2020-02-13 16:36:01.731  INFO 19472 --- [main] o.s.batch.core.step.AbstractStep         : Step: [step1] executed in 78ms
2020-02-13 16:36:01.747  INFO 19472 --- [main] o.s.b.c.l.support.SimpleJobLauncher      : Job: [SimpleJob: [name=job11581579360185]] completed with the following parameters: [{run.id=1}] and the following status: [FAILED] in 125ms
2020-02-13 16:36:17.428  INFO 16180 --- [main] jp.or.ja_kyousai.batch.samples.Main      : Starting Main on LAPTOP-TSFIBKG4 with PID 16180 (C:\Users\user1\IdeaProjects\SampleBatch\target\classes started by user1 in C:\Users\user1\IdeaProjects\SampleBatch)
2020-02-13 16:36:17.428  INFO 16180 --- [main] jp.or.ja_kyousai.batch.samples.Main      : No active profile set, falling back to default profiles: default
2020-02-13 16:36:19.427  INFO 16180 --- [main] o.s.b.c.r.s.JobRepositoryFactoryBean     : No database type set, using meta data indicating: ORACLE
2020-02-13 16:36:19.552  INFO 16180 --- [main] o.s.b.c.l.support.SimpleJobLauncher      : No TaskExecutor has been set, defaulting to synchronous executor.
2020-02-13 16:36:19.630  INFO 16180 --- [main] jp.or.ja_kyousai.batch.samples.Main      : Started Main in 2.562 seconds (JVM running for 3.141)
2020-02-13 16:36:19.630  INFO 16180 --- [main] o.s.b.a.b.JobLauncherCommandLineRunner   : Running default command line with: []
2020-02-13 16:36:19.771  INFO 16180 --- [main] o.s.b.c.l.support.SimpleJobLauncher      : Job: [SimpleJob: [name=job11581579378459]] launched with the following parameters: [{run.id=1}]
2020-02-13 16:36:19.818  INFO 16180 --- [main] o.s.batch.core.job.SimpleStepHandler     : Executing step: [step1]
2020-02-13 16:36:19.818  INFO 16180 --- [main] j.o.j.b.s.tasklet.BatchConfiguration     : Step1の開始
2020-02-13 16:36:19.911 ERROR 16180 --- [main] o.s.batch.core.step.AbstractStep         : Encountered an error executing step step1 in job job11581579378459

java.io.FileNotFoundException: \resources\data.csv (指定されたパスが見つかりません。)
	at java.io.FileInputStream.open0(Native Method)
	at java.io.FileInputStream.open(FileInputStream.java:195)
	at java.io.FileInputStream.<init>(FileInputStream.java:138)
	at java.io.FileReader.<init>(FileReader.java:72)
	at jp.or.ja_kyousai.batch.samples.tasklet.BatchConfiguration$1.execute(BatchConfiguration.java:67)
	at org.springframework.batch.core.step.tasklet.TaskletStep$ChunkTransactionCallback.doInTransaction(TaskletStep.java:407)
	at org.springframework.batch.core.step.tasklet.TaskletStep$ChunkTransactionCallback.doInTransaction(TaskletStep.java:331)
	at org.springframework.transaction.support.TransactionTemplate.execute(TransactionTemplate.java:140)
	at org.springframework.batch.core.step.tasklet.TaskletStep$2.doInChunkContext(TaskletStep.java:273)
	at org.springframework.batch.core.scope.context.StepContextRepeatCallback.doInIteration(StepContextRepeatCallback.java:82)
	at org.springframework.batch.repeat.support.RepeatTemplate.getNextResult(RepeatTemplate.java:375)
	at org.springframework.batch.repeat.support.RepeatTemplate.executeInternal(RepeatTemplate.java:215)
	at org.springframework.batch.repeat.support.RepeatTemplate.iterate(RepeatTemplate.java:145)
	at org.springframework.batch.core.step.tasklet.TaskletStep.doExecute(TaskletStep.java:258)
	at org.springframework.batch.core.step.AbstractStep.execute(AbstractStep.java:208)
	at org.springframework.batch.core.job.SimpleStepHandler.handleStep(SimpleStepHandler.java:148)
	at org.springframework.batch.core.job.AbstractJob.handleStep(AbstractJob.java:410)
	at org.springframework.batch.core.job.SimpleJob.doExecute(SimpleJob.java:136)
	at org.springframework.batch.core.job.AbstractJob.execute(AbstractJob.java:319)
	at org.springframework.batch.core.launch.support.SimpleJobLauncher$1.run(SimpleJobLauncher.java:147)
	at org.springframework.core.task.SyncTaskExecutor.execute(SyncTaskExecutor.java:50)
	at org.springframework.batch.core.launch.support.SimpleJobLauncher.run(SimpleJobLauncher.java:140)
	at sun.reflect.NativeMethodAccessorImpl.invoke0(Native Method)
	at sun.reflect.NativeMethodAccessorImpl.invoke(NativeMethodAccessorImpl.java:62)
	at sun.reflect.DelegatingMethodAccessorImpl.invoke(DelegatingMethodAccessorImpl.java:43)
	at java.lang.reflect.Method.invoke(Method.java:498)
	at org.springframework.aop.support.AopUtils.invokeJoinpointUsingReflection(AopUtils.java:344)
	at org.springframework.aop.framework.ReflectiveMethodInvocation.invokeJoinpoint(ReflectiveMethodInvocation.java:198)
	at org.springframework.aop.framework.ReflectiveMethodInvocation.proceed(ReflectiveMethodInvocation.java:163)
	at org.springframework.batch.core.configuration.annotation.SimpleBatchConfiguration$PassthruAdvice.invoke(SimpleBatchConfiguration.java:127)
	at org.springframework.aop.framework.ReflectiveMethodInvocation.proceed(ReflectiveMethodInvocation.java:186)
	at org.springframework.aop.framework.JdkDynamicAopProxy.invoke(JdkDynamicAopProxy.java:212)
	at com.sun.proxy.$Proxy39.run(Unknown Source)
	at org.springframework.boot.autoconfigure.batch.JobLauncherCommandLineRunner.execute(JobLauncherCommandLineRunner.java:192)
	at org.springframework.boot.autoconfigure.batch.JobLauncherCommandLineRunner.executeLocalJobs(JobLauncherCommandLineRunner.java:166)
	at org.springframework.boot.autoconfigure.batch.JobLauncherCommandLineRunner.launchJobFromProperties(JobLauncherCommandLineRunner.java:153)
	at org.springframework.boot.autoconfigure.batch.JobLauncherCommandLineRunner.run(JobLauncherCommandLineRunner.java:148)
	at org.springframework.boot.SpringApplication.callRunner(SpringApplication.java:784)
	at org.springframework.boot.SpringApplication.callRunners(SpringApplication.java:768)
	at org.springframework.boot.SpringApplication.run(SpringApplication.java:322)
	at org.springframework.boot.SpringApplication.run(SpringApplication.java:1226)
	at org.springframework.boot.SpringApplication.run(SpringApplication.java:1215)
	at jp.or.ja_kyousai.batch.samples.Main.main(Main.java:12)

2020-02-13 16:36:19.911  INFO 16180 --- [main] o.s.batch.core.step.AbstractStep         : Step: [step1] executed in 93ms
2020-02-13 16:36:19.927  INFO 16180 --- [main] o.s.b.c.l.support.SimpleJobLauncher      : Job: [SimpleJob: [name=job11581579378459]] completed with the following parameters: [{run.id=1}] and the following status: [FAILED] in 109ms
2020-02-13 16:36:38.056  INFO 11400 --- [main] jp.or.ja_kyousai.batch.samples.Main      : Starting Main on LAPTOP-TSFIBKG4 with PID 11400 (C:\Users\user1\IdeaProjects\SampleBatch\target\classes started by user1 in C:\Users\user1\IdeaProjects\SampleBatch)
2020-02-13 16:36:38.056  INFO 11400 --- [main] jp.or.ja_kyousai.batch.samples.Main      : No active profile set, falling back to default profiles: default
2020-02-13 16:36:39.993  INFO 11400 --- [main] o.s.b.c.r.s.JobRepositoryFactoryBean     : No database type set, using meta data indicating: ORACLE
2020-02-13 16:36:40.118  INFO 11400 --- [main] o.s.b.c.l.support.SimpleJobLauncher      : No TaskExecutor has been set, defaulting to synchronous executor.
2020-02-13 16:36:40.243  INFO 11400 --- [main] jp.or.ja_kyousai.batch.samples.Main      : Started Main in 2.569 seconds (JVM running for 3.246)
2020-02-13 16:36:40.243  INFO 11400 --- [main] o.s.b.a.b.JobLauncherCommandLineRunner   : Running default command line with: []
2020-02-13 16:36:40.352  INFO 11400 --- [main] o.s.b.c.l.support.SimpleJobLauncher      : Job: [SimpleJob: [name=job11581579399087]] launched with the following parameters: [{run.id=1}]
2020-02-13 16:36:40.399  INFO 11400 --- [main] o.s.batch.core.job.SimpleStepHandler     : Executing step: [step1]
2020-02-13 16:36:40.399  INFO 11400 --- [main] j.o.j.b.s.tasklet.BatchConfiguration     : Step1の開始
2020-02-13 16:36:40.508 ERROR 11400 --- [main] o.s.batch.core.step.AbstractStep         : Encountered an error executing step step1 in job job11581579399087

java.io.FileNotFoundException: classpath:\resources\data.csv (ファイル名、ディレクトリ名、またはボリューム ラベルの構文が間違っています。)
	at java.io.FileInputStream.open0(Native Method)
	at java.io.FileInputStream.open(FileInputStream.java:195)
	at java.io.FileInputStream.<init>(FileInputStream.java:138)
	at java.io.FileReader.<init>(FileReader.java:72)
	at jp.or.ja_kyousai.batch.samples.tasklet.BatchConfiguration$1.execute(BatchConfiguration.java:67)
	at org.springframework.batch.core.step.tasklet.TaskletStep$ChunkTransactionCallback.doInTransaction(TaskletStep.java:407)
	at org.springframework.batch.core.step.tasklet.TaskletStep$ChunkTransactionCallback.doInTransaction(TaskletStep.java:331)
	at org.springframework.transaction.support.TransactionTemplate.execute(TransactionTemplate.java:140)
	at org.springframework.batch.core.step.tasklet.TaskletStep$2.doInChunkContext(TaskletStep.java:273)
	at org.springframework.batch.core.scope.context.StepContextRepeatCallback.doInIteration(StepContextRepeatCallback.java:82)
	at org.springframework.batch.repeat.support.RepeatTemplate.getNextResult(RepeatTemplate.java:375)
	at org.springframework.batch.repeat.support.RepeatTemplate.executeInternal(RepeatTemplate.java:215)
	at org.springframework.batch.repeat.support.RepeatTemplate.iterate(RepeatTemplate.java:145)
	at org.springframework.batch.core.step.tasklet.TaskletStep.doExecute(TaskletStep.java:258)
	at org.springframework.batch.core.step.AbstractStep.execute(AbstractStep.java:208)
	at org.springframework.batch.core.job.SimpleStepHandler.handleStep(SimpleStepHandler.java:148)
	at org.springframework.batch.core.job.AbstractJob.handleStep(AbstractJob.java:410)
	at org.springframework.batch.core.job.SimpleJob.doExecute(SimpleJob.java:136)
	at org.springframework.batch.core.job.AbstractJob.execute(AbstractJob.java:319)
	at org.springframework.batch.core.launch.support.SimpleJobLauncher$1.run(SimpleJobLauncher.java:147)
	at org.springframework.core.task.SyncTaskExecutor.execute(SyncTaskExecutor.java:50)
	at org.springframework.batch.core.launch.support.SimpleJobLauncher.run(SimpleJobLauncher.java:140)
	at sun.reflect.NativeMethodAccessorImpl.invoke0(Native Method)
	at sun.reflect.NativeMethodAccessorImpl.invoke(NativeMethodAccessorImpl.java:62)
	at sun.reflect.DelegatingMethodAccessorImpl.invoke(DelegatingMethodAccessorImpl.java:43)
	at java.lang.reflect.Method.invoke(Method.java:498)
	at org.springframework.aop.support.AopUtils.invokeJoinpointUsingReflection(AopUtils.java:344)
	at org.springframework.aop.framework.ReflectiveMethodInvocation.invokeJoinpoint(ReflectiveMethodInvocation.java:198)
	at org.springframework.aop.framework.ReflectiveMethodInvocation.proceed(ReflectiveMethodInvocation.java:163)
	at org.springframework.batch.core.configuration.annotation.SimpleBatchConfiguration$PassthruAdvice.invoke(SimpleBatchConfiguration.java:127)
	at org.springframework.aop.framework.ReflectiveMethodInvocation.proceed(ReflectiveMethodInvocation.java:186)
	at org.springframework.aop.framework.JdkDynamicAopProxy.invoke(JdkDynamicAopProxy.java:212)
	at com.sun.proxy.$Proxy39.run(Unknown Source)
	at org.springframework.boot.autoconfigure.batch.JobLauncherCommandLineRunner.execute(JobLauncherCommandLineRunner.java:192)
	at org.springframework.boot.autoconfigure.batch.JobLauncherCommandLineRunner.executeLocalJobs(JobLauncherCommandLineRunner.java:166)
	at org.springframework.boot.autoconfigure.batch.JobLauncherCommandLineRunner.launchJobFromProperties(JobLauncherCommandLineRunner.java:153)
	at org.springframework.boot.autoconfigure.batch.JobLauncherCommandLineRunner.run(JobLauncherCommandLineRunner.java:148)
	at org.springframework.boot.SpringApplication.callRunner(SpringApplication.java:784)
	at org.springframework.boot.SpringApplication.callRunners(SpringApplication.java:768)
	at org.springframework.boot.SpringApplication.run(SpringApplication.java:322)
	at org.springframework.boot.SpringApplication.run(SpringApplication.java:1226)
	at org.springframework.boot.SpringApplication.run(SpringApplication.java:1215)
	at jp.or.ja_kyousai.batch.samples.Main.main(Main.java:12)

2020-02-13 16:36:40.508  INFO 11400 --- [main] o.s.batch.core.step.AbstractStep         : Step: [step1] executed in 109ms
2020-02-13 16:36:40.524  INFO 11400 --- [main] o.s.b.c.l.support.SimpleJobLauncher      : Job: [SimpleJob: [name=job11581579399087]] completed with the following parameters: [{run.id=1}] and the following status: [FAILED] in 141ms
2020-02-13 16:41:15.172  INFO 8464 --- [main] jp.or.ja_kyousai.batch.samples.Main      : Starting Main on LAPTOP-TSFIBKG4 with PID 8464 (C:\Users\user1\IdeaProjects\SampleBatch\target\classes started by user1 in C:\Users\user1\IdeaProjects\SampleBatch)
2020-02-13 16:41:15.172  INFO 8464 --- [main] jp.or.ja_kyousai.batch.samples.Main      : No active profile set, falling back to default profiles: default
2020-02-13 16:41:17.125  INFO 8464 --- [main] o.s.b.c.r.s.JobRepositoryFactoryBean     : No database type set, using meta data indicating: ORACLE
2020-02-13 16:41:17.250  INFO 8464 --- [main] o.s.b.c.l.support.SimpleJobLauncher      : No TaskExecutor has been set, defaulting to synchronous executor.
2020-02-13 16:41:17.359  INFO 8464 --- [main] jp.or.ja_kyousai.batch.samples.Main      : Started Main in 2.543 seconds (JVM running for 3.304)
2020-02-13 16:41:17.359  INFO 8464 --- [main] o.s.b.a.b.JobLauncherCommandLineRunner   : Running default command line with: []
2020-02-13 16:41:17.468  INFO 8464 --- [main] o.s.b.c.l.support.SimpleJobLauncher      : Job: [SimpleJob: [name=job11581579676203]] launched with the following parameters: [{run.id=1}]
2020-02-13 16:41:17.515  INFO 8464 --- [main] o.s.batch.core.job.SimpleStepHandler     : Executing step: [step1]
2020-02-13 16:41:17.531  INFO 8464 --- [main] j.o.j.b.s.tasklet.BatchConfiguration     : Step1の開始
2020-02-13 16:41:17.671 ERROR 8464 --- [main] o.s.batch.core.step.AbstractStep         : Encountered an error executing step step1 in job job11581579676203

java.io.FileNotFoundException: .\data.csv (指定されたファイルが見つかりません。)
	at java.io.FileInputStream.open0(Native Method)
	at java.io.FileInputStream.open(FileInputStream.java:195)
	at java.io.FileInputStream.<init>(FileInputStream.java:138)
	at java.io.FileReader.<init>(FileReader.java:72)
	at jp.or.ja_kyousai.batch.samples.tasklet.BatchConfiguration$1.execute(BatchConfiguration.java:68)
	at org.springframework.batch.core.step.tasklet.TaskletStep$ChunkTransactionCallback.doInTransaction(TaskletStep.java:407)
	at org.springframework.batch.core.step.tasklet.TaskletStep$ChunkTransactionCallback.doInTransaction(TaskletStep.java:331)
	at org.springframework.transaction.support.TransactionTemplate.execute(TransactionTemplate.java:140)
	at org.springframework.batch.core.step.tasklet.TaskletStep$2.doInChunkContext(TaskletStep.java:273)
	at org.springframework.batch.core.scope.context.StepContextRepeatCallback.doInIteration(StepContextRepeatCallback.java:82)
	at org.springframework.batch.repeat.support.RepeatTemplate.getNextResult(RepeatTemplate.java:375)
	at org.springframework.batch.repeat.support.RepeatTemplate.executeInternal(RepeatTemplate.java:215)
	at org.springframework.batch.repeat.support.RepeatTemplate.iterate(RepeatTemplate.java:145)
	at org.springframework.batch.core.step.tasklet.TaskletStep.doExecute(TaskletStep.java:258)
	at org.springframework.batch.core.step.AbstractStep.execute(AbstractStep.java:208)
	at org.springframework.batch.core.job.SimpleStepHandler.handleStep(SimpleStepHandler.java:148)
	at org.springframework.batch.core.job.AbstractJob.handleStep(AbstractJob.java:410)
	at org.springframework.batch.core.job.SimpleJob.doExecute(SimpleJob.java:136)
	at org.springframework.batch.core.job.AbstractJob.execute(AbstractJob.java:319)
	at org.springframework.batch.core.launch.support.SimpleJobLauncher$1.run(SimpleJobLauncher.java:147)
	at org.springframework.core.task.SyncTaskExecutor.execute(SyncTaskExecutor.java:50)
	at org.springframework.batch.core.launch.support.SimpleJobLauncher.run(SimpleJobLauncher.java:140)
	at sun.reflect.NativeMethodAccessorImpl.invoke0(Native Method)
	at sun.reflect.NativeMethodAccessorImpl.invoke(NativeMethodAccessorImpl.java:62)
	at sun.reflect.DelegatingMethodAccessorImpl.invoke(DelegatingMethodAccessorImpl.java:43)
	at java.lang.reflect.Method.invoke(Method.java:498)
	at org.springframework.aop.support.AopUtils.invokeJoinpointUsingReflection(AopUtils.java:344)
	at org.springframework.aop.framework.ReflectiveMethodInvocation.invokeJoinpoint(ReflectiveMethodInvocation.java:198)
	at org.springframework.aop.framework.ReflectiveMethodInvocation.proceed(ReflectiveMethodInvocation.java:163)
	at org.springframework.batch.core.configuration.annotation.SimpleBatchConfiguration$PassthruAdvice.invoke(SimpleBatchConfiguration.java:127)
	at org.springframework.aop.framework.ReflectiveMethodInvocation.proceed(ReflectiveMethodInvocation.java:186)
	at org.springframework.aop.framework.JdkDynamicAopProxy.invoke(JdkDynamicAopProxy.java:212)
	at com.sun.proxy.$Proxy39.run(Unknown Source)
	at org.springframework.boot.autoconfigure.batch.JobLauncherCommandLineRunner.execute(JobLauncherCommandLineRunner.java:192)
	at org.springframework.boot.autoconfigure.batch.JobLauncherCommandLineRunner.executeLocalJobs(JobLauncherCommandLineRunner.java:166)
	at org.springframework.boot.autoconfigure.batch.JobLauncherCommandLineRunner.launchJobFromProperties(JobLauncherCommandLineRunner.java:153)
	at org.springframework.boot.autoconfigure.batch.JobLauncherCommandLineRunner.run(JobLauncherCommandLineRunner.java:148)
	at org.springframework.boot.SpringApplication.callRunner(SpringApplication.java:784)
	at org.springframework.boot.SpringApplication.callRunners(SpringApplication.java:768)
	at org.springframework.boot.SpringApplication.run(SpringApplication.java:322)
	at org.springframework.boot.SpringApplication.run(SpringApplication.java:1226)
	at org.springframework.boot.SpringApplication.run(SpringApplication.java:1215)
	at jp.or.ja_kyousai.batch.samples.Main.main(Main.java:12)

2020-02-13 16:41:17.687  INFO 8464 --- [main] o.s.batch.core.step.AbstractStep         : Step: [step1] executed in 172ms
2020-02-13 16:41:17.687  INFO 8464 --- [main] o.s.b.c.l.support.SimpleJobLauncher      : Job: [SimpleJob: [name=job11581579676203]] completed with the following parameters: [{run.id=1}] and the following status: [FAILED] in 188ms
2020-02-13 16:44:06.118  INFO 20392 --- [main] jp.or.ja_kyousai.batch.samples.Main      : Starting Main on LAPTOP-TSFIBKG4 with PID 20392 (C:\Users\user1\IdeaProjects\SampleBatch\target\classes started by user1 in C:\Users\user1\IdeaProjects\SampleBatch)
2020-02-13 16:44:06.118  INFO 20392 --- [main] jp.or.ja_kyousai.batch.samples.Main      : No active profile set, falling back to default profiles: default
2020-02-13 16:44:07.945  INFO 20392 --- [main] o.s.b.c.r.s.JobRepositoryFactoryBean     : No database type set, using meta data indicating: ORACLE
2020-02-13 16:44:08.070  INFO 20392 --- [main] o.s.b.c.l.support.SimpleJobLauncher      : No TaskExecutor has been set, defaulting to synchronous executor.
2020-02-13 16:44:08.180  INFO 20392 --- [main] jp.or.ja_kyousai.batch.samples.Main      : Started Main in 2.407 seconds (JVM running for 3.086)
2020-02-13 16:44:08.180  INFO 20392 --- [main] o.s.b.a.b.JobLauncherCommandLineRunner   : Running default command line with: []
2020-02-13 16:44:08.305  INFO 20392 --- [main] o.s.b.c.l.support.SimpleJobLauncher      : Job: [SimpleJob: [name=job11581579847102]] launched with the following parameters: [{run.id=1}]
2020-02-13 16:44:08.336  INFO 20392 --- [main] o.s.batch.core.job.SimpleStepHandler     : Executing step: [step1]
2020-02-13 16:44:08.352  INFO 20392 --- [main] j.o.j.b.s.tasklet.BatchConfiguration     : Step1の開始
2020-02-13 16:44:08.492  INFO 20392 --- [main] j.o.j.b.s.tasklet.BatchConfiguration     : Step1の終了
2020-02-13 16:44:08.508  INFO 20392 --- [main] o.s.batch.core.step.AbstractStep         : Step: [step1] executed in 172ms
2020-02-13 16:44:08.508  INFO 20392 --- [main] o.s.b.c.l.support.SimpleJobLauncher      : Job: [SimpleJob: [name=job11581579847102]] completed with the following parameters: [{run.id=1}] and the following status: [COMPLETED] in 188ms
2020-02-13 16:46:23.745  INFO 11648 --- [main] jp.or.ja_kyousai.batch.samples.Main      : Starting Main on LAPTOP-TSFIBKG4 with PID 11648 (C:\Users\user1\IdeaProjects\SampleBatch\target\classes started by user1 in C:\Users\user1\IdeaProjects\SampleBatch)
2020-02-13 16:46:23.761  INFO 11648 --- [main] jp.or.ja_kyousai.batch.samples.Main      : No active profile set, falling back to default profiles: default
2020-02-13 16:46:25.479  INFO 11648 --- [main] o.s.b.c.r.s.JobRepositoryFactoryBean     : No database type set, using meta data indicating: ORACLE
2020-02-13 16:46:25.620  INFO 11648 --- [main] o.s.b.c.l.support.SimpleJobLauncher      : No TaskExecutor has been set, defaulting to synchronous executor.
2020-02-13 16:46:25.714  INFO 11648 --- [main] jp.or.ja_kyousai.batch.samples.Main      : Started Main in 2.36 seconds (JVM running for 3.121)
2020-02-13 16:46:25.714  INFO 11648 --- [main] o.s.b.a.b.JobLauncherCommandLineRunner   : Running default command line with: []
2020-02-13 16:46:25.823  INFO 11648 --- [main] o.s.b.c.l.support.SimpleJobLauncher      : Job: [SimpleJob: [name=job11581579984651]] launched with the following parameters: [{run.id=1}]
2020-02-13 16:46:25.870  INFO 11648 --- [main] o.s.batch.core.job.SimpleStepHandler     : Executing step: [step1]
2020-02-13 16:46:25.885  INFO 11648 --- [main] j.o.j.b.s.tasklet.BatchConfiguration     : Step1の開始
2020-02-13 16:46:25.964 ERROR 11648 --- [main] o.s.batch.core.step.AbstractStep         : Encountered an error executing step step1 in job job11581579984651

org.apache.ibatis.binding.BindingException: Invalid bound statement (not found): jp.or.ja_kyousai.batch.mapper.MembersMapper.truncate
	at org.apache.ibatis.binding.MapperMethod$SqlCommand.<init>(MapperMethod.java:235)
	at org.apache.ibatis.binding.MapperMethod.<init>(MapperMethod.java:53)
	at org.apache.ibatis.binding.MapperProxy.lambda$cachedInvoker$0(MapperProxy.java:107)
	at java.util.concurrent.ConcurrentHashMap.computeIfAbsent(ConcurrentHashMap.java:1660)
	at org.apache.ibatis.binding.MapperProxy.cachedInvoker(MapperProxy.java:94)
	at org.apache.ibatis.binding.MapperProxy.invoke(MapperProxy.java:85)
	at com.sun.proxy.$Proxy54.truncate(Unknown Source)
	at jp.or.ja_kyousai.batch.samples.tasklet.BatchConfiguration$1.execute(BatchConfiguration.java:63)
	at org.springframework.batch.core.step.tasklet.TaskletStep$ChunkTransactionCallback.doInTransaction(TaskletStep.java:407)
	at org.springframework.batch.core.step.tasklet.TaskletStep$ChunkTransactionCallback.doInTransaction(TaskletStep.java:331)
	at org.springframework.transaction.support.TransactionTemplate.execute(TransactionTemplate.java:140)
	at org.springframework.batch.core.step.tasklet.TaskletStep$2.doInChunkContext(TaskletStep.java:273)
	at org.springframework.batch.core.scope.context.StepContextRepeatCallback.doInIteration(StepContextRepeatCallback.java:82)
	at org.springframework.batch.repeat.support.RepeatTemplate.getNextResult(RepeatTemplate.java:375)
	at org.springframework.batch.repeat.support.RepeatTemplate.executeInternal(RepeatTemplate.java:215)
	at org.springframework.batch.repeat.support.RepeatTemplate.iterate(RepeatTemplate.java:145)
	at org.springframework.batch.core.step.tasklet.TaskletStep.doExecute(TaskletStep.java:258)
	at org.springframework.batch.core.step.AbstractStep.execute(AbstractStep.java:208)
	at org.springframework.batch.core.job.SimpleStepHandler.handleStep(SimpleStepHandler.java:148)
	at org.springframework.batch.core.job.AbstractJob.handleStep(AbstractJob.java:410)
	at org.springframework.batch.core.job.SimpleJob.doExecute(SimpleJob.java:136)
	at org.springframework.batch.core.job.AbstractJob.execute(AbstractJob.java:319)
	at org.springframework.batch.core.launch.support.SimpleJobLauncher$1.run(SimpleJobLauncher.java:147)
	at org.springframework.core.task.SyncTaskExecutor.execute(SyncTaskExecutor.java:50)
	at org.springframework.batch.core.launch.support.SimpleJobLauncher.run(SimpleJobLauncher.java:140)
	at sun.reflect.NativeMethodAccessorImpl.invoke0(Native Method)
	at sun.reflect.NativeMethodAccessorImpl.invoke(NativeMethodAccessorImpl.java:62)
	at sun.reflect.DelegatingMethodAccessorImpl.invoke(DelegatingMethodAccessorImpl.java:43)
	at java.lang.reflect.Method.invoke(Method.java:498)
	at org.springframework.aop.support.AopUtils.invokeJoinpointUsingReflection(AopUtils.java:344)
	at org.springframework.aop.framework.ReflectiveMethodInvocation.invokeJoinpoint(ReflectiveMethodInvocation.java:198)
	at org.springframework.aop.framework.ReflectiveMethodInvocation.proceed(ReflectiveMethodInvocation.java:163)
	at org.springframework.batch.core.configuration.annotation.SimpleBatchConfiguration$PassthruAdvice.invoke(SimpleBatchConfiguration.java:127)
	at org.springframework.aop.framework.ReflectiveMethodInvocation.proceed(ReflectiveMethodInvocation.java:186)
	at org.springframework.aop.framework.JdkDynamicAopProxy.invoke(JdkDynamicAopProxy.java:212)
	at com.sun.proxy.$Proxy39.run(Unknown Source)
	at org.springframework.boot.autoconfigure.batch.JobLauncherCommandLineRunner.execute(JobLauncherCommandLineRunner.java:192)
	at org.springframework.boot.autoconfigure.batch.JobLauncherCommandLineRunner.executeLocalJobs(JobLauncherCommandLineRunner.java:166)
	at org.springframework.boot.autoconfigure.batch.JobLauncherCommandLineRunner.launchJobFromProperties(JobLauncherCommandLineRunner.java:153)
	at org.springframework.boot.autoconfigure.batch.JobLauncherCommandLineRunner.run(JobLauncherCommandLineRunner.java:148)
	at org.springframework.boot.SpringApplication.callRunner(SpringApplication.java:784)
	at org.springframework.boot.SpringApplication.callRunners(SpringApplication.java:768)
	at org.springframework.boot.SpringApplication.run(SpringApplication.java:322)
	at org.springframework.boot.SpringApplication.run(SpringApplication.java:1226)
	at org.springframework.boot.SpringApplication.run(SpringApplication.java:1215)
	at jp.or.ja_kyousai.batch.samples.Main.main(Main.java:12)

2020-02-13 16:46:25.979  INFO 11648 --- [main] o.s.batch.core.step.AbstractStep         : Step: [step1] executed in 109ms
2020-02-13 16:46:25.979  INFO 11648 --- [main] o.s.b.c.l.support.SimpleJobLauncher      : Job: [SimpleJob: [name=job11581579984651]] completed with the following parameters: [{run.id=1}] and the following status: [FAILED] in 140ms
2020-02-13 16:55:27.062  INFO 6824 --- [main] jp.or.ja_kyousai.batch.samples.Main      : Starting Main on LAPTOP-TSFIBKG4 with PID 6824 (C:\Users\user1\IdeaProjects\SampleBatch\target\classes started by user1 in C:\Users\user1\IdeaProjects\SampleBatch)
2020-02-13 16:55:27.078  INFO 6824 --- [main] jp.or.ja_kyousai.batch.samples.Main      : No active profile set, falling back to default profiles: default
2020-02-13 16:55:28.952  INFO 6824 --- [main] o.s.b.c.r.s.JobRepositoryFactoryBean     : No database type set, using meta data indicating: ORACLE
2020-02-13 16:55:29.093  INFO 6824 --- [main] o.s.b.c.l.support.SimpleJobLauncher      : No TaskExecutor has been set, defaulting to synchronous executor.
2020-02-13 16:55:29.155  INFO 6824 --- [main] jp.or.ja_kyousai.batch.samples.Main      : Started Main in 2.375 seconds (JVM running for 3.057)
2020-02-13 16:55:29.171  INFO 6824 --- [main] o.s.b.a.b.JobLauncherCommandLineRunner   : Running default command line with: []
2020-02-13 16:55:29.296  INFO 6824 --- [main] o.s.b.c.l.support.SimpleJobLauncher      : Job: [SimpleJob: [name=job11581580528124]] launched with the following parameters: [{run.id=1}]
2020-02-13 16:55:29.343  INFO 6824 --- [main] o.s.batch.core.job.SimpleStepHandler     : Executing step: [step1]
2020-02-13 16:55:29.358  INFO 6824 --- [main] j.o.j.b.s.tasklet.BatchConfiguration     : Step1の開始
2020-02-13 16:55:29.577 ERROR 6824 --- [main] o.s.batch.core.step.AbstractStep         : Encountered an error executing step step1 in job job11581580528124

org.springframework.jdbc.BadSqlGrammarException: 
### Error updating database.  Cause: java.sql.SQLSyntaxErrorException: ORA-00911: 文字が無効です。

### The error may exist in jp/or/ja_kyousai/batch/mapper/MembersMapper.xml
### The error may involve defaultParameterMap
### The error occurred while setting parameters
### SQL: TRUNCATE TABLE MEMBERS;
### Cause: java.sql.SQLSyntaxErrorException: ORA-00911: 文字が無効です。

; bad SQL grammar []; nested exception is java.sql.SQLSyntaxErrorException: ORA-00911: 文字が無効です。

	at org.springframework.jdbc.support.SQLExceptionSubclassTranslator.doTranslate(SQLExceptionSubclassTranslator.java:93)
	at org.springframework.jdbc.support.AbstractFallbackSQLExceptionTranslator.translate(AbstractFallbackSQLExceptionTranslator.java:72)
	at org.springframework.jdbc.support.AbstractFallbackSQLExceptionTranslator.translate(AbstractFallbackSQLExceptionTranslator.java:81)
	at org.mybatis.spring.MyBatisExceptionTranslator.translateExceptionIfPossible(MyBatisExceptionTranslator.java:88)
	at org.mybatis.spring.SqlSessionTemplate$SqlSessionInterceptor.invoke(SqlSessionTemplate.java:440)
	at com.sun.proxy.$Proxy42.delete(Unknown Source)
	at org.mybatis.spring.SqlSessionTemplate.delete(SqlSessionTemplate.java:303)
	at org.apache.ibatis.binding.MapperMethod.execute(MapperMethod.java:72)
	at org.apache.ibatis.binding.MapperProxy$PlainMethodInvoker.invoke(MapperProxy.java:144)
	at org.apache.ibatis.binding.MapperProxy.invoke(MapperProxy.java:85)
	at com.sun.proxy.$Proxy54.truncate(Unknown Source)
	at jp.or.ja_kyousai.batch.samples.tasklet.BatchConfiguration$1.execute(BatchConfiguration.java:63)
	at org.springframework.batch.core.step.tasklet.TaskletStep$ChunkTransactionCallback.doInTransaction(TaskletStep.java:407)
	at org.springframework.batch.core.step.tasklet.TaskletStep$ChunkTransactionCallback.doInTransaction(TaskletStep.java:331)
	at org.springframework.transaction.support.TransactionTemplate.execute(TransactionTemplate.java:140)
	at org.springframework.batch.core.step.tasklet.TaskletStep$2.doInChunkContext(TaskletStep.java:273)
	at org.springframework.batch.core.scope.context.StepContextRepeatCallback.doInIteration(StepContextRepeatCallback.java:82)
	at org.springframework.batch.repeat.support.RepeatTemplate.getNextResult(RepeatTemplate.java:375)
	at org.springframework.batch.repeat.support.RepeatTemplate.executeInternal(RepeatTemplate.java:215)
	at org.springframework.batch.repeat.support.RepeatTemplate.iterate(RepeatTemplate.java:145)
	at org.springframework.batch.core.step.tasklet.TaskletStep.doExecute(TaskletStep.java:258)
	at org.springframework.batch.core.step.AbstractStep.execute(AbstractStep.java:208)
	at org.springframework.batch.core.job.SimpleStepHandler.handleStep(SimpleStepHandler.java:148)
	at org.springframework.batch.core.job.AbstractJob.handleStep(AbstractJob.java:410)
	at org.springframework.batch.core.job.SimpleJob.doExecute(SimpleJob.java:136)
	at org.springframework.batch.core.job.AbstractJob.execute(AbstractJob.java:319)
	at org.springframework.batch.core.launch.support.SimpleJobLauncher$1.run(SimpleJobLauncher.java:147)
	at org.springframework.core.task.SyncTaskExecutor.execute(SyncTaskExecutor.java:50)
	at org.springframework.batch.core.launch.support.SimpleJobLauncher.run(SimpleJobLauncher.java:140)
	at sun.reflect.NativeMethodAccessorImpl.invoke0(Native Method)
	at sun.reflect.NativeMethodAccessorImpl.invoke(NativeMethodAccessorImpl.java:62)
	at sun.reflect.DelegatingMethodAccessorImpl.invoke(DelegatingMethodAccessorImpl.java:43)
	at java.lang.reflect.Method.invoke(Method.java:498)
	at org.springframework.aop.support.AopUtils.invokeJoinpointUsingReflection(AopUtils.java:344)
	at org.springframework.aop.framework.ReflectiveMethodInvocation.invokeJoinpoint(ReflectiveMethodInvocation.java:198)
	at org.springframework.aop.framework.ReflectiveMethodInvocation.proceed(ReflectiveMethodInvocation.java:163)
	at org.springframework.batch.core.configuration.annotation.SimpleBatchConfiguration$PassthruAdvice.invoke(SimpleBatchConfiguration.java:127)
	at org.springframework.aop.framework.ReflectiveMethodInvocation.proceed(ReflectiveMethodInvocation.java:186)
	at org.springframework.aop.framework.JdkDynamicAopProxy.invoke(JdkDynamicAopProxy.java:212)
	at com.sun.proxy.$Proxy39.run(Unknown Source)
	at org.springframework.boot.autoconfigure.batch.JobLauncherCommandLineRunner.execute(JobLauncherCommandLineRunner.java:192)
	at org.springframework.boot.autoconfigure.batch.JobLauncherCommandLineRunner.executeLocalJobs(JobLauncherCommandLineRunner.java:166)
	at org.springframework.boot.autoconfigure.batch.JobLauncherCommandLineRunner.launchJobFromProperties(JobLauncherCommandLineRunner.java:153)
	at org.springframework.boot.autoconfigure.batch.JobLauncherCommandLineRunner.run(JobLauncherCommandLineRunner.java:148)
	at org.springframework.boot.SpringApplication.callRunner(SpringApplication.java:784)
	at org.springframework.boot.SpringApplication.callRunners(SpringApplication.java:768)
	at org.springframework.boot.SpringApplication.run(SpringApplication.java:322)
	at org.springframework.boot.SpringApplication.run(SpringApplication.java:1226)
	at org.springframework.boot.SpringApplication.run(SpringApplication.java:1215)
	at jp.or.ja_kyousai.batch.samples.Main.main(Main.java:12)
Caused by: java.sql.SQLSyntaxErrorException: ORA-00911: 文字が無効です。

	at oracle.jdbc.driver.SQLStateMapping.newSQLException(SQLStateMapping.java:91)
	at oracle.jdbc.driver.DatabaseError.newSQLException(DatabaseError.java:133)
	at oracle.jdbc.driver.DatabaseError.throwSqlException(DatabaseError.java:206)
	at oracle.jdbc.driver.T4CTTIoer.processError(T4CTTIoer.java:455)
	at oracle.jdbc.driver.T4CTTIoer.processError(T4CTTIoer.java:413)
	at oracle.jdbc.driver.T4C8Oall.receive(T4C8Oall.java:1034)
	at oracle.jdbc.driver.T4CPreparedStatement.doOall8(T4CPreparedStatement.java:194)
	at oracle.jdbc.driver.T4CPreparedStatement.executeForRows(T4CPreparedStatement.java:953)
	at oracle.jdbc.driver.OracleStatement.doExecuteWithTimeout(OracleStatement.java:1222)
	at oracle.jdbc.driver.OraclePreparedStatement.executeInternal(OraclePreparedStatement.java:3387)
	at oracle.jdbc.driver.OraclePreparedStatement.execute(OraclePreparedStatement.java:3488)
	at oracle.jdbc.driver.OraclePreparedStatementWrapper.execute(OraclePreparedStatementWrapper.java:1374)
	at org.apache.commons.dbcp.DelegatingPreparedStatement.execute(DelegatingPreparedStatement.java:169)
	at org.apache.ibatis.executor.statement.PreparedStatementHandler.update(PreparedStatementHandler.java:47)
	at org.apache.ibatis.executor.statement.RoutingStatementHandler.update(RoutingStatementHandler.java:74)
	at org.apache.ibatis.executor.SimpleExecutor.doUpdate(SimpleExecutor.java:50)
	at org.apache.ibatis.executor.BaseExecutor.update(BaseExecutor.java:117)
	at org.apache.ibatis.executor.CachingExecutor.update(CachingExecutor.java:76)
	at org.apache.ibatis.session.defaults.DefaultSqlSession.update(DefaultSqlSession.java:197)
	at org.apache.ibatis.session.defaults.DefaultSqlSession.delete(DefaultSqlSession.java:212)
	at sun.reflect.NativeMethodAccessorImpl.invoke0(Native Method)
	at sun.reflect.NativeMethodAccessorImpl.invoke(NativeMethodAccessorImpl.java:62)
	at sun.reflect.DelegatingMethodAccessorImpl.invoke(DelegatingMethodAccessorImpl.java:43)
	at java.lang.reflect.Method.invoke(Method.java:498)
	at org.mybatis.spring.SqlSessionTemplate$SqlSessionInterceptor.invoke(SqlSessionTemplate.java:426)
	... 45 common frames omitted

2020-02-13 16:55:29.577  INFO 6824 --- [main] o.s.batch.core.step.AbstractStep         : Step: [step1] executed in 234ms
2020-02-13 16:55:29.593  INFO 6824 --- [main] o.s.b.c.l.support.SimpleJobLauncher      : Job: [SimpleJob: [name=job11581580528124]] completed with the following parameters: [{run.id=1}] and the following status: [FAILED] in 250ms
2020-02-13 16:57:10.268  INFO 4360 --- [main] jp.or.ja_kyousai.batch.samples.Main      : Starting Main on LAPTOP-TSFIBKG4 with PID 4360 (C:\Users\user1\IdeaProjects\SampleBatch\target\classes started by user1 in C:\Users\user1\IdeaProjects\SampleBatch)
2020-02-13 16:57:10.268  INFO 4360 --- [main] jp.or.ja_kyousai.batch.samples.Main      : No active profile set, falling back to default profiles: default
2020-02-13 16:57:12.267  INFO 4360 --- [main] o.s.b.c.r.s.JobRepositoryFactoryBean     : No database type set, using meta data indicating: ORACLE
2020-02-13 16:57:12.408  INFO 4360 --- [main] o.s.b.c.l.support.SimpleJobLauncher      : No TaskExecutor has been set, defaulting to synchronous executor.
2020-02-13 16:57:12.486  INFO 4360 --- [main] jp.or.ja_kyousai.batch.samples.Main      : Started Main in 2.563 seconds (JVM running for 3.155)
2020-02-13 16:57:12.486  INFO 4360 --- [main] o.s.b.a.b.JobLauncherCommandLineRunner   : Running default command line with: []
2020-02-13 16:57:12.595  INFO 4360 --- [main] o.s.b.c.l.support.SimpleJobLauncher      : Job: [SimpleJob: [name=job11581580631361]] launched with the following parameters: [{run.id=1}]
2020-02-13 16:57:12.642  INFO 4360 --- [main] o.s.batch.core.job.SimpleStepHandler     : Executing step: [step1]
2020-02-13 16:57:12.658  INFO 4360 --- [main] j.o.j.b.s.tasklet.BatchConfiguration     : Step1の開始
2020-02-13 16:57:12.814  INFO 4360 --- [main] j.o.j.b.s.tasklet.BatchConfiguration     : Step1の終了
2020-02-13 16:57:12.830  INFO 4360 --- [main] o.s.batch.core.step.AbstractStep         : Step: [step1] executed in 188ms
2020-02-13 16:57:12.830  INFO 4360 --- [main] o.s.b.c.l.support.SimpleJobLauncher      : Job: [SimpleJob: [name=job11581580631361]] completed with the following parameters: [{run.id=1}] and the following status: [COMPLETED] in 203ms
